cargo-deny	Set up job	ï»¿2025-10-29T01:16:17.7805817Z Current runner version: '2.328.0'
cargo-deny	Set up job	2025-10-29T01:16:17.7831216Z ##[group]Runner Image Provisioner
cargo-deny	Set up job	2025-10-29T01:16:17.7832023Z Hosted Compute Agent
cargo-deny	Set up job	2025-10-29T01:16:17.7832538Z Version: 20250912.392
cargo-deny	Set up job	2025-10-29T01:16:17.7833224Z Commit: d921fda672a98b64f4f82364647e2f10b2267d0b
cargo-deny	Set up job	2025-10-29T01:16:17.7833880Z Build Date: 2025-09-12T15:23:14Z
cargo-deny	Set up job	2025-10-29T01:16:17.7834511Z ##[endgroup]
cargo-deny	Set up job	2025-10-29T01:16:17.7835077Z ##[group]Operating System
cargo-deny	Set up job	2025-10-29T01:16:17.7835659Z Ubuntu
cargo-deny	Set up job	2025-10-29T01:16:17.7836102Z 24.04.3
cargo-deny	Set up job	2025-10-29T01:16:17.7836614Z LTS
cargo-deny	Set up job	2025-10-29T01:16:17.7837468Z ##[endgroup]
cargo-deny	Set up job	2025-10-29T01:16:17.7837996Z ##[group]Runner Image
cargo-deny	Set up job	2025-10-29T01:16:17.7838644Z Image: ubuntu-24.04
cargo-deny	Set up job	2025-10-29T01:16:17.7839148Z Version: 20250929.60.1
cargo-deny	Set up job	2025-10-29T01:16:17.7840244Z Included Software: https://github.com/actions/runner-images/blob/ubuntu24/20250929.60/images/ubuntu/Ubuntu2404-Readme.md
cargo-deny	Set up job	2025-10-29T01:16:17.7841711Z Image Release: https://github.com/actions/runner-images/releases/tag/ubuntu24%2F20250929.60
cargo-deny	Set up job	2025-10-29T01:16:17.7842961Z ##[endgroup]
cargo-deny	Set up job	2025-10-29T01:16:17.7844119Z ##[group]GITHUB_TOKEN Permissions
cargo-deny	Set up job	2025-10-29T01:16:17.7846146Z Actions: write
cargo-deny	Set up job	2025-10-29T01:16:17.7847106Z Contents: read
cargo-deny	Set up job	2025-10-29T01:16:17.7847726Z Metadata: read
cargo-deny	Set up job	2025-10-29T01:16:17.7848230Z ##[endgroup]
cargo-deny	Set up job	2025-10-29T01:16:17.7850218Z Secret source: Actions
cargo-deny	Set up job	2025-10-29T01:16:17.7851483Z Prepare workflow directory
cargo-deny	Set up job	2025-10-29T01:16:17.8197031Z Prepare all required actions
cargo-deny	Set up job	2025-10-29T01:16:17.8235592Z Getting action download info
cargo-deny	Set up job	2025-10-29T01:16:18.1687320Z Download action repository 'actions/checkout@v4' (SHA:08eba0b27e820071cde6df949e0beb9ba4906955)
cargo-deny	Set up job	2025-10-29T01:16:18.6385173Z Download action repository 'dtolnay/rust-toolchain@stable' (SHA:5d458579430fc14a04a08a1e7d3694f545e91ce6)
cargo-deny	Set up job	2025-10-29T01:16:19.0636589Z Complete job name: cargo-deny
cargo-deny	Run actions/checkout@v4	ï»¿2025-10-29T01:16:19.1340842Z ##[group]Run actions/checkout@v4
cargo-deny	Run actions/checkout@v4	2025-10-29T01:16:19.1341983Z with:
cargo-deny	Run actions/checkout@v4	2025-10-29T01:16:19.1342417Z   repository: JudgeZ/Zaevrynth
cargo-deny	Run actions/checkout@v4	2025-10-29T01:16:19.1343118Z   token: ***
cargo-deny	Run actions/checkout@v4	2025-10-29T01:16:19.1343545Z   ssh-strict: true
cargo-deny	Run actions/checkout@v4	2025-10-29T01:16:19.1343961Z   ssh-user: git
cargo-deny	Run actions/checkout@v4	2025-10-29T01:16:19.1344392Z   persist-credentials: true
cargo-deny	Run actions/checkout@v4	2025-10-29T01:16:19.1344861Z   clean: true
cargo-deny	Run actions/checkout@v4	2025-10-29T01:16:19.1345281Z   sparse-checkout-cone-mode: true
cargo-deny	Run actions/checkout@v4	2025-10-29T01:16:19.1345790Z   fetch-depth: 1
cargo-deny	Run actions/checkout@v4	2025-10-29T01:16:19.1346202Z   fetch-tags: false
cargo-deny	Run actions/checkout@v4	2025-10-29T01:16:19.1346620Z   show-progress: true
cargo-deny	Run actions/checkout@v4	2025-10-29T01:16:19.1347230Z   lfs: false
cargo-deny	Run actions/checkout@v4	2025-10-29T01:16:19.1347641Z   submodules: false
cargo-deny	Run actions/checkout@v4	2025-10-29T01:16:19.1348080Z   set-safe-directory: true
cargo-deny	Run actions/checkout@v4	2025-10-29T01:16:19.1348818Z ##[endgroup]
cargo-deny	Run actions/checkout@v4	2025-10-29T01:16:19.2451443Z Syncing repository: JudgeZ/Zaevrynth
cargo-deny	Run actions/checkout@v4	2025-10-29T01:16:19.2453608Z ##[group]Getting Git version info
cargo-deny	Run actions/checkout@v4	2025-10-29T01:16:19.2454550Z Working directory is '/home/runner/work/Zaevrynth/Zaevrynth'
cargo-deny	Run actions/checkout@v4	2025-10-29T01:16:19.2455693Z [command]/usr/bin/git version
cargo-deny	Run actions/checkout@v4	2025-10-29T01:16:19.2519033Z git version 2.51.0
cargo-deny	Run actions/checkout@v4	2025-10-29T01:16:19.2546341Z ##[endgroup]
cargo-deny	Run actions/checkout@v4	2025-10-29T01:16:19.2563732Z Temporarily overriding HOME='/home/runner/work/_temp/dbb8e670-7ee3-488b-af95-f34f097a4ad4' before making global git config changes
cargo-deny	Run actions/checkout@v4	2025-10-29T01:16:19.2566446Z Adding repository directory to the temporary git global config as a safe directory
cargo-deny	Run actions/checkout@v4	2025-10-29T01:16:19.2570810Z [command]/usr/bin/git config --global --add safe.directory /home/runner/work/Zaevrynth/Zaevrynth
cargo-deny	Run actions/checkout@v4	2025-10-29T01:16:19.2609728Z Deleting the contents of '/home/runner/work/Zaevrynth/Zaevrynth'
cargo-deny	Run actions/checkout@v4	2025-10-29T01:16:19.2613797Z ##[group]Initializing the repository
cargo-deny	Run actions/checkout@v4	2025-10-29T01:16:19.2619036Z [command]/usr/bin/git init /home/runner/work/Zaevrynth/Zaevrynth
cargo-deny	Run actions/checkout@v4	2025-10-29T01:16:19.2728844Z hint: Using 'master' as the name for the initial branch. This default branch name
cargo-deny	Run actions/checkout@v4	2025-10-29T01:16:19.2730349Z hint: is subject to change. To configure the initial branch name to use in all
cargo-deny	Run actions/checkout@v4	2025-10-29T01:16:19.2732113Z hint: of your new repositories, which will suppress this warning, call:
cargo-deny	Run actions/checkout@v4	2025-10-29T01:16:19.2733370Z hint:
cargo-deny	Run actions/checkout@v4	2025-10-29T01:16:19.2734341Z hint: 	git config --global init.defaultBranch <name>
cargo-deny	Run actions/checkout@v4	2025-10-29T01:16:19.2735936Z hint:
cargo-deny	Run actions/checkout@v4	2025-10-29T01:16:19.2737331Z hint: Names commonly chosen instead of 'master' are 'main', 'trunk' and
cargo-deny	Run actions/checkout@v4	2025-10-29T01:16:19.2739164Z hint: 'development'. The just-created branch can be renamed via this command:
cargo-deny	Run actions/checkout@v4	2025-10-29T01:16:19.2740609Z hint:
cargo-deny	Run actions/checkout@v4	2025-10-29T01:16:19.2741362Z hint: 	git branch -m <name>
cargo-deny	Run actions/checkout@v4	2025-10-29T01:16:19.2742198Z hint:
cargo-deny	Run actions/checkout@v4	2025-10-29T01:16:19.2743319Z hint: Disable this message with "git config set advice.defaultBranchName false"
cargo-deny	Run actions/checkout@v4	2025-10-29T01:16:19.2745407Z Initialized empty Git repository in /home/runner/work/Zaevrynth/Zaevrynth/.git/
cargo-deny	Run actions/checkout@v4	2025-10-29T01:16:19.2748811Z [command]/usr/bin/git remote add origin https://github.com/JudgeZ/Zaevrynth
cargo-deny	Run actions/checkout@v4	2025-10-29T01:16:19.2785371Z ##[endgroup]
cargo-deny	Run actions/checkout@v4	2025-10-29T01:16:19.2786969Z ##[group]Disabling automatic garbage collection
cargo-deny	Run actions/checkout@v4	2025-10-29T01:16:19.2790523Z [command]/usr/bin/git config --local gc.auto 0
cargo-deny	Run actions/checkout@v4	2025-10-29T01:16:19.2820716Z ##[endgroup]
cargo-deny	Run actions/checkout@v4	2025-10-29T01:16:19.2822095Z ##[group]Setting up auth
cargo-deny	Run actions/checkout@v4	2025-10-29T01:16:19.2828844Z [command]/usr/bin/git config --local --name-only --get-regexp core\.sshCommand
cargo-deny	Run actions/checkout@v4	2025-10-29T01:16:19.2860718Z [command]/usr/bin/git submodule foreach --recursive sh -c "git config --local --name-only --get-regexp 'core\.sshCommand' && git config --local --unset-all 'core.sshCommand' || :"
cargo-deny	Run actions/checkout@v4	2025-10-29T01:16:19.3189247Z [command]/usr/bin/git config --local --name-only --get-regexp http\.https\:\/\/github\.com\/\.extraheader
cargo-deny	Run actions/checkout@v4	2025-10-29T01:16:19.3218578Z [command]/usr/bin/git submodule foreach --recursive sh -c "git config --local --name-only --get-regexp 'http\.https\:\/\/github\.com\/\.extraheader' && git config --local --unset-all 'http.https://github.com/.extraheader' || :"
cargo-deny	Run actions/checkout@v4	2025-10-29T01:16:19.3450658Z [command]/usr/bin/git config --local http.https://github.com/.extraheader AUTHORIZATION: basic ***
cargo-deny	Run actions/checkout@v4	2025-10-29T01:16:19.3489593Z ##[endgroup]
cargo-deny	Run actions/checkout@v4	2025-10-29T01:16:19.3497550Z ##[group]Fetching the repository
cargo-deny	Run actions/checkout@v4	2025-10-29T01:16:19.3498953Z [command]/usr/bin/git -c protocol.version=2 fetch --no-tags --prune --no-recurse-submodules --depth=1 origin +5ebc2be37ea72477a2f61c63c15649ae0870237e:refs/remotes/pull/100/merge
cargo-deny	Run actions/checkout@v4	2025-10-29T01:16:19.6332898Z From https://github.com/JudgeZ/Zaevrynth
cargo-deny	Run actions/checkout@v4	2025-10-29T01:16:19.6334411Z  * [new ref]         5ebc2be37ea72477a2f61c63c15649ae0870237e -> pull/100/merge
cargo-deny	Run actions/checkout@v4	2025-10-29T01:16:19.6364111Z ##[endgroup]
cargo-deny	Run actions/checkout@v4	2025-10-29T01:16:19.6365155Z ##[group]Determining the checkout info
cargo-deny	Run actions/checkout@v4	2025-10-29T01:16:19.6367104Z ##[endgroup]
cargo-deny	Run actions/checkout@v4	2025-10-29T01:16:19.6371650Z [command]/usr/bin/git sparse-checkout disable
cargo-deny	Run actions/checkout@v4	2025-10-29T01:16:19.6411881Z [command]/usr/bin/git config --local --unset-all extensions.worktreeConfig
cargo-deny	Run actions/checkout@v4	2025-10-29T01:16:19.6441586Z ##[group]Checking out the ref
cargo-deny	Run actions/checkout@v4	2025-10-29T01:16:19.6445522Z [command]/usr/bin/git checkout --progress --force refs/remotes/pull/100/merge
cargo-deny	Run actions/checkout@v4	2025-10-29T01:16:19.6632270Z Note: switching to 'refs/remotes/pull/100/merge'.
cargo-deny	Run actions/checkout@v4	2025-10-29T01:16:19.6633440Z 
cargo-deny	Run actions/checkout@v4	2025-10-29T01:16:19.6634074Z You are in 'detached HEAD' state. You can look around, make experimental
cargo-deny	Run actions/checkout@v4	2025-10-29T01:16:19.6635720Z changes and commit them, and you can discard any commits you make in this
cargo-deny	Run actions/checkout@v4	2025-10-29T01:16:19.6638661Z state without impacting any branches by switching back to a branch.
cargo-deny	Run actions/checkout@v4	2025-10-29T01:16:19.6640267Z 
cargo-deny	Run actions/checkout@v4	2025-10-29T01:16:19.6641470Z If you want to create a new branch to retain commits you create, you may
cargo-deny	Run actions/checkout@v4	2025-10-29T01:16:19.6644096Z do so (now or later) by using -c with the switch command. Example:
cargo-deny	Run actions/checkout@v4	2025-10-29T01:16:19.6645597Z 
cargo-deny	Run actions/checkout@v4	2025-10-29T01:16:19.6646239Z   git switch -c <new-branch-name>
cargo-deny	Run actions/checkout@v4	2025-10-29T01:16:19.6647557Z 
cargo-deny	Run actions/checkout@v4	2025-10-29T01:16:19.6648095Z Or undo this operation with:
cargo-deny	Run actions/checkout@v4	2025-10-29T01:16:19.6649050Z 
cargo-deny	Run actions/checkout@v4	2025-10-29T01:16:19.6649495Z   git switch -
cargo-deny	Run actions/checkout@v4	2025-10-29T01:16:19.6650139Z 
cargo-deny	Run actions/checkout@v4	2025-10-29T01:16:19.6651210Z Turn off this advice by setting config variable advice.detachedHead to false
cargo-deny	Run actions/checkout@v4	2025-10-29T01:16:19.6652651Z 
cargo-deny	Run actions/checkout@v4	2025-10-29T01:16:19.6653918Z HEAD is now at 5ebc2be Merge bf35949ffc87d13554013b7401b9099e7701238d into 0f397dec735c5b9075813bdf7348ae7f02f6e479
cargo-deny	Run actions/checkout@v4	2025-10-29T01:16:19.6658604Z ##[endgroup]
cargo-deny	Run actions/checkout@v4	2025-10-29T01:16:19.6679322Z [command]/usr/bin/git log -1 --format=%H
cargo-deny	Run actions/checkout@v4	2025-10-29T01:16:19.6701503Z 5ebc2be37ea72477a2f61c63c15649ae0870237e
cargo-deny	Run dtolnay/rust-toolchain@stable	ï»¿2025-10-29T01:16:19.7192492Z ##[group]Run dtolnay/rust-toolchain@stable
cargo-deny	Run dtolnay/rust-toolchain@stable	2025-10-29T01:16:19.7193683Z with:
cargo-deny	Run dtolnay/rust-toolchain@stable	2025-10-29T01:16:19.7194456Z   toolchain: stable
cargo-deny	Run dtolnay/rust-toolchain@stable	2025-10-29T01:16:19.7195306Z ##[endgroup]
cargo-deny	Run dtolnay/rust-toolchain@stable	2025-10-29T01:16:19.7357786Z ##[group]Run : parse toolchain version
cargo-deny	Run dtolnay/rust-toolchain@stable	2025-10-29T01:16:19.7358993Z [36;1m: parse toolchain version[0m
cargo-deny	Run dtolnay/rust-toolchain@stable	2025-10-29T01:16:19.7360028Z [36;1mif [[ -z $toolchain ]]; then[0m
cargo-deny	Run dtolnay/rust-toolchain@stable	2025-10-29T01:16:19.7361846Z [36;1m  # GitHub does not enforce `required: true` inputs itself. https://github.com/actions/runner/issues/1070[0m
cargo-deny	Run dtolnay/rust-toolchain@stable	2025-10-29T01:16:19.7363799Z [36;1m  echo "'toolchain' is a required input" >&2[0m
cargo-deny	Run dtolnay/rust-toolchain@stable	2025-10-29T01:16:19.7364910Z [36;1m  exit 1[0m
cargo-deny	Run dtolnay/rust-toolchain@stable	2025-10-29T01:16:19.7366221Z [36;1melif [[ $toolchain =~ ^stable' '[0-9]+' '(year|month|week|day)s?' 'ago$ ]]; then[0m
cargo-deny	Run dtolnay/rust-toolchain@stable	2025-10-29T01:16:19.7367849Z [36;1m  if [[ Linux == macOS ]]; then[0m
cargo-deny	Run dtolnay/rust-toolchain@stable	2025-10-29T01:16:19.7369655Z [36;1m    echo "toolchain=1.$((($(date -v-$(sed 's/stable \([0-9]*\) \(.\).*/\1\2/' <<< $toolchain) +%s)/60/60/24-16569)/7/6))" >> $GITHUB_OUTPUT[0m
cargo-deny	Run dtolnay/rust-toolchain@stable	2025-10-29T01:16:19.7371473Z [36;1m  else[0m
cargo-deny	Run dtolnay/rust-toolchain@stable	2025-10-29T01:16:19.7372896Z [36;1m    echo "toolchain=1.$((($(date --date "${toolchain#stable }" +%s)/60/60/24-16569)/7/6))" >> $GITHUB_OUTPUT[0m
cargo-deny	Run dtolnay/rust-toolchain@stable	2025-10-29T01:16:19.7374547Z [36;1m  fi[0m
cargo-deny	Run dtolnay/rust-toolchain@stable	2025-10-29T01:16:19.7375640Z [36;1melif [[ $toolchain =~ ^stable' 'minus' '[0-9]+' 'releases?$ ]]; then[0m
cargo-deny	Run dtolnay/rust-toolchain@stable	2025-10-29T01:16:19.7377650Z [36;1m  echo "toolchain=1.$((($(date +%s)/60/60/24-16569)/7/6-${toolchain//[^0-9]/}))" >> $GITHUB_OUTPUT[0m
cargo-deny	Run dtolnay/rust-toolchain@stable	2025-10-29T01:16:19.7379320Z [36;1melif [[ $toolchain =~ ^1\.[0-9]+$ ]]; then[0m
cargo-deny	Run dtolnay/rust-toolchain@stable	2025-10-29T01:16:19.7381167Z [36;1m  echo "toolchain=1.$((i=${toolchain#1.}, c=($(date +%s)/60/60/24-16569)/7/6, i+9*i*(10*i<=c)+90*i*(100*i<=c)))" >> $GITHUB_OUTPUT[0m
cargo-deny	Run dtolnay/rust-toolchain@stable	2025-10-29T01:16:19.7382917Z [36;1melse[0m
cargo-deny	Run dtolnay/rust-toolchain@stable	2025-10-29T01:16:19.7383827Z [36;1m  echo "toolchain=$toolchain" >> $GITHUB_OUTPUT[0m
cargo-deny	Run dtolnay/rust-toolchain@stable	2025-10-29T01:16:19.7384941Z [36;1mfi[0m
cargo-deny	Run dtolnay/rust-toolchain@stable	2025-10-29T01:16:19.7422539Z shell: /usr/bin/bash --noprofile --norc -e -o pipefail {0}
cargo-deny	Run dtolnay/rust-toolchain@stable	2025-10-29T01:16:19.7423836Z env:
cargo-deny	Run dtolnay/rust-toolchain@stable	2025-10-29T01:16:19.7424526Z   toolchain: stable
cargo-deny	Run dtolnay/rust-toolchain@stable	2025-10-29T01:16:19.7425309Z ##[endgroup]
cargo-deny	Run dtolnay/rust-toolchain@stable	2025-10-29T01:16:19.7607549Z ##[group]Run : construct rustup command line
cargo-deny	Run dtolnay/rust-toolchain@stable	2025-10-29T01:16:19.7608773Z [36;1m: construct rustup command line[0m
cargo-deny	Run dtolnay/rust-toolchain@stable	2025-10-29T01:16:19.7610397Z [36;1mecho "targets=$(for t in ${targets//,/ }; do echo -n ' --target' $t; done)" >> $GITHUB_OUTPUT[0m
cargo-deny	Run dtolnay/rust-toolchain@stable	2025-10-29T01:16:19.7612649Z [36;1mecho "components=$(for c in ${components//,/ }; do echo -n ' --component' $c; done)" >> $GITHUB_OUTPUT[0m
cargo-deny	Run dtolnay/rust-toolchain@stable	2025-10-29T01:16:19.7614422Z [36;1mecho "downgrade=" >> $GITHUB_OUTPUT[0m
cargo-deny	Run dtolnay/rust-toolchain@stable	2025-10-29T01:16:19.7648277Z shell: /usr/bin/bash --noprofile --norc -e -o pipefail {0}
cargo-deny	Run dtolnay/rust-toolchain@stable	2025-10-29T01:16:19.7649522Z env:
cargo-deny	Run dtolnay/rust-toolchain@stable	2025-10-29T01:16:19.7650197Z   targets: 
cargo-deny	Run dtolnay/rust-toolchain@stable	2025-10-29T01:16:19.7650908Z   components: 
cargo-deny	Run dtolnay/rust-toolchain@stable	2025-10-29T01:16:19.7651643Z ##[endgroup]
cargo-deny	Run dtolnay/rust-toolchain@stable	2025-10-29T01:16:19.7819114Z ##[group]Run : set $CARGO_HOME
cargo-deny	Run dtolnay/rust-toolchain@stable	2025-10-29T01:16:19.7820856Z [36;1m: set $CARGO_HOME[0m
cargo-deny	Run dtolnay/rust-toolchain@stable	2025-10-29T01:16:19.7822882Z [36;1mecho CARGO_HOME=${CARGO_HOME:-"$HOME/.cargo"} >> $GITHUB_ENV[0m
cargo-deny	Run dtolnay/rust-toolchain@stable	2025-10-29T01:16:19.7871028Z shell: /usr/bin/bash --noprofile --norc -e -o pipefail {0}
cargo-deny	Run dtolnay/rust-toolchain@stable	2025-10-29T01:16:19.7873052Z ##[endgroup]
cargo-deny	Run dtolnay/rust-toolchain@stable	2025-10-29T01:16:19.8018666Z ##[group]Run : install rustup if needed
cargo-deny	Run dtolnay/rust-toolchain@stable	2025-10-29T01:16:19.8019782Z [36;1m: install rustup if needed[0m
cargo-deny	Run dtolnay/rust-toolchain@stable	2025-10-29T01:16:19.8020862Z [36;1mif ! command -v rustup &>/dev/null; then[0m
cargo-deny	Run dtolnay/rust-toolchain@stable	2025-10-29T01:16:19.8023372Z [36;1m  curl --proto '=https' --tlsv1.2 --retry 10 --retry-connrefused --location --silent --show-error --fail https://sh.rustup.rs | sh -s -- --default-toolchain none -y[0m
cargo-deny	Run dtolnay/rust-toolchain@stable	2025-10-29T01:16:19.8025906Z [36;1m  echo "$CARGO_HOME/bin" >> $GITHUB_PATH[0m
cargo-deny	Run dtolnay/rust-toolchain@stable	2025-10-29T01:16:19.8027154Z [36;1mfi[0m
cargo-deny	Run dtolnay/rust-toolchain@stable	2025-10-29T01:16:19.8059910Z shell: /usr/bin/bash --noprofile --norc -e -o pipefail {0}
cargo-deny	Run dtolnay/rust-toolchain@stable	2025-10-29T01:16:19.8061112Z env:
cargo-deny	Run dtolnay/rust-toolchain@stable	2025-10-29T01:16:19.8061850Z   CARGO_HOME: /home/runner/.cargo
cargo-deny	Run dtolnay/rust-toolchain@stable	2025-10-29T01:16:19.8062959Z ##[endgroup]
cargo-deny	Run dtolnay/rust-toolchain@stable	2025-10-29T01:16:19.8183843Z ##[group]Run rustup toolchain install stable --profile minimal --no-self-update
cargo-deny	Run dtolnay/rust-toolchain@stable	2025-10-29T01:16:19.8185982Z [36;1mrustup toolchain install stable --profile minimal --no-self-update[0m
cargo-deny	Run dtolnay/rust-toolchain@stable	2025-10-29T01:16:19.8218275Z shell: /usr/bin/bash --noprofile --norc -e -o pipefail {0}
cargo-deny	Run dtolnay/rust-toolchain@stable	2025-10-29T01:16:19.8219479Z env:
cargo-deny	Run dtolnay/rust-toolchain@stable	2025-10-29T01:16:19.8220196Z   CARGO_HOME: /home/runner/.cargo
cargo-deny	Run dtolnay/rust-toolchain@stable	2025-10-29T01:16:19.8221114Z ##[endgroup]
cargo-deny	Run dtolnay/rust-toolchain@stable	2025-10-29T01:16:20.5314832Z info: syncing channel updates for 'stable-x86_64-unknown-linux-gnu'
cargo-deny	Run dtolnay/rust-toolchain@stable	2025-10-29T01:16:20.5605404Z 
cargo-deny	Run dtolnay/rust-toolchain@stable	2025-10-29T01:16:20.5712164Z   stable-x86_64-unknown-linux-gnu unchanged - rustc 1.90.0 (1159e78c4 2025-09-14)
cargo-deny	Run dtolnay/rust-toolchain@stable	2025-10-29T01:16:20.5714130Z 
cargo-deny	Run dtolnay/rust-toolchain@stable	2025-10-29T01:16:20.5799291Z ##[group]Run rustup default stable
cargo-deny	Run dtolnay/rust-toolchain@stable	2025-10-29T01:16:20.5800348Z [36;1mrustup default stable[0m
cargo-deny	Run dtolnay/rust-toolchain@stable	2025-10-29T01:16:20.5834706Z shell: /usr/bin/bash --noprofile --norc -e -o pipefail {0}
cargo-deny	Run dtolnay/rust-toolchain@stable	2025-10-29T01:16:20.5835909Z env:
cargo-deny	Run dtolnay/rust-toolchain@stable	2025-10-29T01:16:20.5836624Z   CARGO_HOME: /home/runner/.cargo
cargo-deny	Run dtolnay/rust-toolchain@stable	2025-10-29T01:16:20.5837665Z ##[endgroup]
cargo-deny	Run dtolnay/rust-toolchain@stable	2025-10-29T01:16:20.5953294Z info: using existing install for 'stable-x86_64-unknown-linux-gnu'
cargo-deny	Run dtolnay/rust-toolchain@stable	2025-10-29T01:16:20.6294361Z info: default toolchain set to 'stable-x86_64-unknown-linux-gnu'
cargo-deny	Run dtolnay/rust-toolchain@stable	2025-10-29T01:16:20.6295701Z 
cargo-deny	Run dtolnay/rust-toolchain@stable	2025-10-29T01:16:20.6386942Z   stable-x86_64-unknown-linux-gnu unchanged - rustc 1.90.0 (1159e78c4 2025-09-14)
cargo-deny	Run dtolnay/rust-toolchain@stable	2025-10-29T01:16:20.6388457Z 
cargo-deny	Run dtolnay/rust-toolchain@stable	2025-10-29T01:16:20.6391280Z info: note that the toolchain '1.82.0-x86_64-unknown-linux-gnu' is currently in use (overridden by '/home/runner/work/Zaevrynth/Zaevrynth/rust-toolchain.toml')
cargo-deny	Run dtolnay/rust-toolchain@stable	2025-10-29T01:16:20.6459759Z ##[group]Run : create cachekey
cargo-deny	Run dtolnay/rust-toolchain@stable	2025-10-29T01:16:20.6460683Z [36;1m: create cachekey[0m
cargo-deny	Run dtolnay/rust-toolchain@stable	2025-10-29T01:16:20.6462313Z [36;1mDATE=$(rustc +stable --version --verbose | sed -ne 's/^commit-date: \(20[0-9][0-9]\)-\([01][0-9]\)-\([0-3][0-9]\)$/\1\2\3/p')[0m
cargo-deny	Run dtolnay/rust-toolchain@stable	2025-10-29T01:16:20.6464439Z [36;1mHASH=$(rustc +stable --version --verbose | sed -ne 's/^commit-hash: //p')[0m
cargo-deny	Run dtolnay/rust-toolchain@stable	2025-10-29T01:16:20.6466133Z [36;1mecho "cachekey=$(echo $DATE$HASH | head -c12)" >> $GITHUB_OUTPUT[0m
cargo-deny	Run dtolnay/rust-toolchain@stable	2025-10-29T01:16:20.6500858Z shell: /usr/bin/bash --noprofile --norc -e -o pipefail {0}
cargo-deny	Run dtolnay/rust-toolchain@stable	2025-10-29T01:16:20.6502012Z env:
cargo-deny	Run dtolnay/rust-toolchain@stable	2025-10-29T01:16:20.6502699Z   CARGO_HOME: /home/runner/.cargo
cargo-deny	Run dtolnay/rust-toolchain@stable	2025-10-29T01:16:20.6503575Z ##[endgroup]
cargo-deny	Run dtolnay/rust-toolchain@stable	2025-10-29T01:16:20.7607248Z ##[group]Run : disable incremental compilation
cargo-deny	Run dtolnay/rust-toolchain@stable	2025-10-29T01:16:20.7608461Z [36;1m: disable incremental compilation[0m
cargo-deny	Run dtolnay/rust-toolchain@stable	2025-10-29T01:16:20.7609586Z [36;1mif [ -z "${CARGO_INCREMENTAL+set}" ]; then[0m
cargo-deny	Run dtolnay/rust-toolchain@stable	2025-10-29T01:16:20.7610716Z [36;1m  echo CARGO_INCREMENTAL=0 >> $GITHUB_ENV[0m
cargo-deny	Run dtolnay/rust-toolchain@stable	2025-10-29T01:16:20.7611701Z [36;1mfi[0m
cargo-deny	Run dtolnay/rust-toolchain@stable	2025-10-29T01:16:20.7645494Z shell: /usr/bin/bash --noprofile --norc -e -o pipefail {0}
cargo-deny	Run dtolnay/rust-toolchain@stable	2025-10-29T01:16:20.7646643Z env:
cargo-deny	Run dtolnay/rust-toolchain@stable	2025-10-29T01:16:20.7647569Z   CARGO_HOME: /home/runner/.cargo
cargo-deny	Run dtolnay/rust-toolchain@stable	2025-10-29T01:16:20.7648454Z ##[endgroup]
cargo-deny	Run dtolnay/rust-toolchain@stable	2025-10-29T01:16:20.7754841Z ##[group]Run : enable colors in Cargo output
cargo-deny	Run dtolnay/rust-toolchain@stable	2025-10-29T01:16:20.7755905Z [36;1m: enable colors in Cargo output[0m
cargo-deny	Run dtolnay/rust-toolchain@stable	2025-10-29T01:16:20.7757268Z [36;1mif [ -z "${CARGO_TERM_COLOR+set}" ]; then[0m
cargo-deny	Run dtolnay/rust-toolchain@stable	2025-10-29T01:16:20.7758481Z [36;1m  echo CARGO_TERM_COLOR=always >> $GITHUB_ENV[0m
cargo-deny	Run dtolnay/rust-toolchain@stable	2025-10-29T01:16:20.7759490Z [36;1mfi[0m
cargo-deny	Run dtolnay/rust-toolchain@stable	2025-10-29T01:16:20.7792825Z shell: /usr/bin/bash --noprofile --norc -e -o pipefail {0}
cargo-deny	Run dtolnay/rust-toolchain@stable	2025-10-29T01:16:20.7793961Z env:
cargo-deny	Run dtolnay/rust-toolchain@stable	2025-10-29T01:16:20.7794641Z   CARGO_HOME: /home/runner/.cargo
cargo-deny	Run dtolnay/rust-toolchain@stable	2025-10-29T01:16:20.7795542Z   CARGO_INCREMENTAL: 0
cargo-deny	Run dtolnay/rust-toolchain@stable	2025-10-29T01:16:20.7796290Z ##[endgroup]
cargo-deny	Run dtolnay/rust-toolchain@stable	2025-10-29T01:16:20.7935589Z ##[group]Run : enable Cargo sparse registry
cargo-deny	Run dtolnay/rust-toolchain@stable	2025-10-29T01:16:20.7937673Z [36;1m: enable Cargo sparse registry[0m
cargo-deny	Run dtolnay/rust-toolchain@stable	2025-10-29T01:16:20.7939898Z [36;1m# implemented in 1.66, stabilized in 1.68, made default in 1.70[0m
cargo-deny	Run dtolnay/rust-toolchain@stable	2025-10-29T01:16:20.7943917Z [36;1mif [ -z "${CARGO_REGISTRIES_CRATES_IO_PROTOCOL+set}" -o -f "/home/runner/work/_temp"/.implicit_cargo_registries_crates_io_protocol ]; then[0m
cargo-deny	Run dtolnay/rust-toolchain@stable	2025-10-29T01:16:20.7948948Z [36;1m  if rustc +stable --version --verbose | grep -q '^release: 1\.6[89]\.'; then[0m
cargo-deny	Run dtolnay/rust-toolchain@stable	2025-10-29T01:16:20.7952700Z [36;1m    touch "/home/runner/work/_temp"/.implicit_cargo_registries_crates_io_protocol || true[0m
cargo-deny	Run dtolnay/rust-toolchain@stable	2025-10-29T01:16:20.7956211Z [36;1m    echo CARGO_REGISTRIES_CRATES_IO_PROTOCOL=sparse >> $GITHUB_ENV[0m
cargo-deny	Run dtolnay/rust-toolchain@stable	2025-10-29T01:16:20.7959410Z [36;1m  elif rustc +stable --version --verbose | grep -q '^release: 1\.6[67]\.'; then[0m
cargo-deny	Run dtolnay/rust-toolchain@stable	2025-10-29T01:16:20.7962851Z [36;1m    touch "/home/runner/work/_temp"/.implicit_cargo_registries_crates_io_protocol || true[0m
cargo-deny	Run dtolnay/rust-toolchain@stable	2025-10-29T01:16:20.7966074Z [36;1m    echo CARGO_REGISTRIES_CRATES_IO_PROTOCOL=git >> $GITHUB_ENV[0m
cargo-deny	Run dtolnay/rust-toolchain@stable	2025-10-29T01:16:20.7968418Z [36;1m  fi[0m
cargo-deny	Run dtolnay/rust-toolchain@stable	2025-10-29T01:16:20.7969581Z [36;1mfi[0m
cargo-deny	Run dtolnay/rust-toolchain@stable	2025-10-29T01:16:20.8019381Z shell: /usr/bin/bash --noprofile --norc -e -o pipefail {0}
cargo-deny	Run dtolnay/rust-toolchain@stable	2025-10-29T01:16:20.8021317Z env:
cargo-deny	Run dtolnay/rust-toolchain@stable	2025-10-29T01:16:20.8022459Z   CARGO_HOME: /home/runner/.cargo
cargo-deny	Run dtolnay/rust-toolchain@stable	2025-10-29T01:16:20.8024042Z   CARGO_INCREMENTAL: 0
cargo-deny	Run dtolnay/rust-toolchain@stable	2025-10-29T01:16:20.8025386Z   CARGO_TERM_COLOR: always
cargo-deny	Run dtolnay/rust-toolchain@stable	2025-10-29T01:16:20.8027001Z ##[endgroup]
cargo-deny	Run dtolnay/rust-toolchain@stable	2025-10-29T01:16:20.8464303Z ##[group]Run : work around spurious network errors in curl 8.0
cargo-deny	Run dtolnay/rust-toolchain@stable	2025-10-29T01:16:20.8465781Z [36;1m: work around spurious network errors in curl 8.0[0m
cargo-deny	Run dtolnay/rust-toolchain@stable	2025-10-29T01:16:20.8467859Z [36;1m# https://rust-lang.zulipchat.com/#narrow/stream/246057-t-cargo/topic/timeout.20investigation[0m
cargo-deny	Run dtolnay/rust-toolchain@stable	2025-10-29T01:16:20.8469956Z [36;1mif rustc +stable --version --verbose | grep -q '^release: 1\.7[01]\.'; then[0m
cargo-deny	Run dtolnay/rust-toolchain@stable	2025-10-29T01:16:20.8471523Z [36;1m  echo CARGO_HTTP_MULTIPLEXING=false >> $GITHUB_ENV[0m
cargo-deny	Run dtolnay/rust-toolchain@stable	2025-10-29T01:16:20.8472632Z [36;1mfi[0m
cargo-deny	Run dtolnay/rust-toolchain@stable	2025-10-29T01:16:20.8506923Z shell: /usr/bin/bash --noprofile --norc -e -o pipefail {0}
cargo-deny	Run dtolnay/rust-toolchain@stable	2025-10-29T01:16:20.8508095Z env:
cargo-deny	Run dtolnay/rust-toolchain@stable	2025-10-29T01:16:20.8508803Z   CARGO_HOME: /home/runner/.cargo
cargo-deny	Run dtolnay/rust-toolchain@stable	2025-10-29T01:16:20.8509721Z   CARGO_INCREMENTAL: 0
cargo-deny	Run dtolnay/rust-toolchain@stable	2025-10-29T01:16:20.8510538Z   CARGO_TERM_COLOR: always
cargo-deny	Run dtolnay/rust-toolchain@stable	2025-10-29T01:16:20.8511356Z ##[endgroup]
cargo-deny	Run dtolnay/rust-toolchain@stable	2025-10-29T01:16:20.8781897Z ##[group]Run rustc +stable --version --verbose
cargo-deny	Run dtolnay/rust-toolchain@stable	2025-10-29T01:16:20.8783059Z [36;1mrustc +stable --version --verbose[0m
cargo-deny	Run dtolnay/rust-toolchain@stable	2025-10-29T01:16:20.8817203Z shell: /usr/bin/bash --noprofile --norc -e -o pipefail {0}
cargo-deny	Run dtolnay/rust-toolchain@stable	2025-10-29T01:16:20.8818358Z env:
cargo-deny	Run dtolnay/rust-toolchain@stable	2025-10-29T01:16:20.8819049Z   CARGO_HOME: /home/runner/.cargo
cargo-deny	Run dtolnay/rust-toolchain@stable	2025-10-29T01:16:20.8819988Z   CARGO_INCREMENTAL: 0
cargo-deny	Run dtolnay/rust-toolchain@stable	2025-10-29T01:16:20.8820784Z   CARGO_TERM_COLOR: always
cargo-deny	Run dtolnay/rust-toolchain@stable	2025-10-29T01:16:20.8821581Z ##[endgroup]
cargo-deny	Run dtolnay/rust-toolchain@stable	2025-10-29T01:16:20.9008095Z rustc 1.90.0 (1159e78c4 2025-09-14)
cargo-deny	Run dtolnay/rust-toolchain@stable	2025-10-29T01:16:20.9010420Z binary: rustc
cargo-deny	Run dtolnay/rust-toolchain@stable	2025-10-29T01:16:20.9012349Z commit-hash: 1159e78c4747b02ef996e55082b704c09b970588
cargo-deny	Run dtolnay/rust-toolchain@stable	2025-10-29T01:16:20.9014404Z commit-date: 2025-09-14
cargo-deny	Run dtolnay/rust-toolchain@stable	2025-10-29T01:16:20.9015904Z host: x86_64-unknown-linux-gnu
cargo-deny	Run dtolnay/rust-toolchain@stable	2025-10-29T01:16:20.9017664Z release: 1.90.0
cargo-deny	Run dtolnay/rust-toolchain@stable	2025-10-29T01:16:20.9019017Z LLVM version: 20.1.8
cargo-deny	Install cargo-deny	ï»¿2025-10-29T01:16:20.9148844Z ##[group]Run cargo +stable install cargo-deny --locked
cargo-deny	Install cargo-deny	2025-10-29T01:16:20.9150133Z [36;1mcargo +stable install cargo-deny --locked[0m
cargo-deny	Install cargo-deny	2025-10-29T01:16:20.9184908Z shell: /usr/bin/bash -e {0}
cargo-deny	Install cargo-deny	2025-10-29T01:16:20.9185765Z env:
cargo-deny	Install cargo-deny	2025-10-29T01:16:20.9186458Z   CARGO_HOME: /home/runner/.cargo
cargo-deny	Install cargo-deny	2025-10-29T01:16:20.9187639Z   CARGO_INCREMENTAL: 0
cargo-deny	Install cargo-deny	2025-10-29T01:16:20.9188436Z   CARGO_TERM_COLOR: always
cargo-deny	Install cargo-deny	2025-10-29T01:16:20.9189244Z ##[endgroup]
cargo-deny	Install cargo-deny	2025-10-29T01:16:22.3024432Z [1m[32m    Updating[0m crates.io index
cargo-deny	Install cargo-deny	2025-10-29T01:16:22.7508878Z [1m[32m Downloading[0m crates ...
cargo-deny	Install cargo-deny	2025-10-29T01:16:23.0841391Z [1m[32m  Downloaded[0m cargo-deny v0.18.5
cargo-deny	Install cargo-deny	2025-10-29T01:16:23.3366630Z [1m[32m  Installing[0m cargo-deny v0.18.5
cargo-deny	Install cargo-deny	2025-10-29T01:16:23.3863554Z [1m[32m    Updating[0m crates.io index
cargo-deny	Install cargo-deny	2025-10-29T01:16:25.0997605Z [1m[32m    Updating[0m crates.io index
cargo-deny	Install cargo-deny	2025-10-29T01:16:25.3977979Z [1m[32m Downloading[0m crates ...
cargo-deny	Install cargo-deny	2025-10-29T01:16:25.4749572Z [1m[32m  Downloaded[0m gix-packetline-blocking v0.19.1
cargo-deny	Install cargo-deny	2025-10-29T01:16:25.5193064Z [1m[32m  Downloaded[0m gix-shallow v0.5.0
cargo-deny	Install cargo-deny	2025-10-29T01:16:25.5222251Z [1m[32m  Downloaded[0m gix-sec v0.12.0
cargo-deny	Install cargo-deny	2025-10-29T01:16:25.5268800Z [1m[32m  Downloaded[0m ppv-lite86 v0.2.21
cargo-deny	Install cargo-deny	2025-10-29T01:16:25.5307379Z [1m[32m  Downloaded[0m rand_core v0.9.3
cargo-deny	Install cargo-deny	2025-10-29T01:16:25.5337943Z [1m[32m  Downloaded[0m parking_lot v0.12.4
cargo-deny	Install cargo-deny	2025-10-29T01:16:25.5382178Z [1m[32m  Downloaded[0m rand v0.9.2
cargo-deny	Install cargo-deny	2025-10-29T01:16:25.5441773Z [1m[32m  Downloaded[0m memchr v2.7.5
cargo-deny	Install cargo-deny	2025-10-29T01:16:25.5525436Z [1m[32m  Downloaded[0m icu_properties_data v2.0.1
cargo-deny	Install cargo-deny	2025-10-29T01:16:25.5642898Z [1m[32m  Downloaded[0m same-file v1.0.6
cargo-deny	Install cargo-deny	2025-10-29T01:16:25.5670394Z [1m[32m  Downloaded[0m parking_lot_core v0.9.11
cargo-deny	Install cargo-deny	2025-10-29T01:16:25.5704133Z [1m[32m  Downloaded[0m strsim v0.11.1
cargo-deny	Install cargo-deny	2025-10-29T01:16:25.5725764Z [1m[32m  Downloaded[0m smol_str v0.3.2
cargo-deny	Install cargo-deny	2025-10-29T01:16:25.5754562Z [1m[32m  Downloaded[0m slab v0.4.11
cargo-deny	Install cargo-deny	2025-10-29T01:16:25.5777733Z [1m[32m  Downloaded[0m thiserror v2.0.16
cargo-deny	Install cargo-deny	2025-10-29T01:16:25.5856954Z [1m[32m  Downloaded[0m tinyvec_macros v0.1.1
cargo-deny	Install cargo-deny	2025-10-29T01:16:25.5878847Z [1m[32m  Downloaded[0m rustsec v0.30.4
cargo-deny	Install cargo-deny	2025-10-29T01:16:25.5940877Z [1m[32m  Downloaded[0m tame-index v0.23.0
cargo-deny	Install cargo-deny	2025-10-29T01:16:25.6005958Z [1m[32m  Downloaded[0m tokio-rustls v0.26.3
cargo-deny	Install cargo-deny	2025-10-29T01:16:25.6041619Z [1m[32m  Downloaded[0m twox-hash v2.1.2
cargo-deny	Install cargo-deny	2025-10-29T01:16:25.6073524Z [1m[32m  Downloaded[0m utf8_iter v1.0.4
cargo-deny	Install cargo-deny	2025-10-29T01:16:25.6094390Z [1m[32m  Downloaded[0m typenum v1.18.0
cargo-deny	Install cargo-deny	2025-10-29T01:16:25.6139746Z [1m[32m  Downloaded[0m unicode-ident v1.0.19
cargo-deny	Install cargo-deny	2025-10-29T01:16:25.6210488Z [1m[32m  Downloaded[0m want v0.3.1
cargo-deny	Install cargo-deny	2025-10-29T01:16:25.6236254Z [1m[32m  Downloaded[0m subtle v2.6.1
cargo-deny	Install cargo-deny	2025-10-29T01:16:25.6263727Z [1m[32m  Downloaded[0m signal-hook-registry v1.4.6
cargo-deny	Install cargo-deny	2025-10-29T01:16:25.6294196Z [1m[32m  Downloaded[0m target-lexicon v0.13.2
cargo-deny	Install cargo-deny	2025-10-29T01:16:25.6345039Z [1m[32m  Downloaded[0m zstd v0.13.3
cargo-deny	Install cargo-deny	2025-10-29T01:16:25.6401493Z [1m[32m  Downloaded[0m zerovec v0.11.4
cargo-deny	Install cargo-deny	2025-10-29T01:16:25.6506337Z [1m[32m  Downloaded[0m serde_core v1.0.226
cargo-deny	Install cargo-deny	2025-10-29T01:16:25.6569140Z [1m[32m  Downloaded[0m termcolor v1.4.1
cargo-deny	Install cargo-deny	2025-10-29T01:16:25.6613783Z [1m[32m  Downloaded[0m thiserror-impl v2.0.16
cargo-deny	Install cargo-deny	2025-10-29T01:16:25.6653947Z [1m[32m  Downloaded[0m toml-span v0.5.2
cargo-deny	Install cargo-deny	2025-10-29T01:16:25.6693926Z [1m[32m  Downloaded[0m webpki-roots v1.0.2
cargo-deny	Install cargo-deny	2025-10-29T01:16:25.6735676Z [1m[32m  Downloaded[0m petgraph v0.8.2
cargo-deny	Install cargo-deny	2025-10-29T01:16:25.6955567Z [1m[32m  Downloaded[0m version_check v0.9.5
cargo-deny	Install cargo-deny	2025-10-29T01:16:25.6973400Z [1m[32m  Downloaded[0m wyz v0.5.1
cargo-deny	Install cargo-deny	2025-10-29T01:16:25.6991072Z [1m[32m  Downloaded[0m jobserver v0.1.34
cargo-deny	Install cargo-deny	2025-10-29T01:16:25.7025558Z [1m[32m  Downloaded[0m zerovec-derive v0.11.1
cargo-deny	Install cargo-deny	2025-10-29T01:16:25.7049522Z [1m[32m  Downloaded[0m utf8parse v0.2.2
cargo-deny	Install cargo-deny	2025-10-29T01:16:25.7062215Z [1m[32m  Downloaded[0m iri-string v0.7.8
cargo-deny	Install cargo-deny	2025-10-29T01:16:25.7134310Z [1m[32m  Downloaded[0m url v2.5.7
cargo-deny	Install cargo-deny	2025-10-29T01:16:25.7169413Z [1m[32m  Downloaded[0m zstd-safe v7.2.4
cargo-deny	Install cargo-deny	2025-10-29T01:16:25.7192611Z [1m[32m  Downloaded[0m unicode-normalization v0.1.24
cargo-deny	Install cargo-deny	2025-10-29T01:16:25.7235742Z [1m[32m  Downloaded[0m regex-automata v0.4.10
cargo-deny	Install cargo-deny	2025-10-29T01:16:25.7394675Z [1m[32m  Downloaded[0m zlib-rs v0.5.2
cargo-deny	Install cargo-deny	2025-10-29T01:16:25.7449911Z [1m[32m  Downloaded[0m unicode-width v0.2.1
cargo-deny	Install cargo-deny	2025-10-29T01:16:25.7511506Z [1m[32m  Downloaded[0m tokio v1.47.1
cargo-deny	Install cargo-deny	2025-10-29T01:16:25.7933545Z [1m[32m  Downloaded[0m zerofrom-derive v0.1.6
cargo-deny	Install cargo-deny	2025-10-29T01:16:25.7949606Z [1m[32m  Downloaded[0m sha1-checked v0.10.0
cargo-deny	Install cargo-deny	2025-10-29T01:16:25.8017218Z [1m[32m  Downloaded[0m zerocopy v0.8.27
cargo-deny	Install cargo-deny	2025-10-29T01:16:25.8282382Z [1m[32m  Downloaded[0m autocfg v1.5.0
cargo-deny	Install cargo-deny	2025-10-29T01:16:25.8307289Z [1m[32m  Downloaded[0m libc v0.2.175
cargo-deny	Install cargo-deny	2025-10-29T01:16:25.8584708Z [1m[32m  Downloaded[0m form_urlencoded v1.2.2
cargo-deny	Install cargo-deny	2025-10-29T01:16:25.8602153Z [1m[32m  Downloaded[0m zstd-sys v2.0.16+zstd.1.5.7
cargo-deny	Install cargo-deny	2025-10-29T01:16:25.8804066Z [1m[32m  Downloaded[0m spdx v0.12.0
cargo-deny	Install cargo-deny	2025-10-29T01:16:25.9462493Z [1m[32m  Downloaded[0m gix-odb v0.70.0
cargo-deny	Install cargo-deny	2025-10-29T01:16:25.9515876Z [1m[32m  Downloaded[0m gix-lock v18.0.0
cargo-deny	Install cargo-deny	2025-10-29T01:16:25.9545713Z [1m[32m  Downloaded[0m gix-chunk v0.4.11
cargo-deny	Install cargo-deny	2025-10-29T01:16:25.9567238Z [1m[32m  Downloaded[0m gix-attributes v0.27.0
cargo-deny	Install cargo-deny	2025-10-29T01:16:25.9592258Z [1m[32m  Downloaded[0m toml v0.8.23
cargo-deny	Install cargo-deny	2025-10-29T01:16:25.9625593Z [1m[32m  Downloaded[0m rustc-hash v2.1.1
cargo-deny	Install cargo-deny	2025-10-29T01:16:25.9643025Z [1m[32m  Downloaded[0m winnow v0.7.13
cargo-deny	Install cargo-deny	2025-10-29T01:16:25.9736240Z [1m[32m  Downloaded[0m codespan-reporting v0.12.0
cargo-deny	Install cargo-deny	2025-10-29T01:16:25.9812315Z [1m[32m  Downloaded[0m hashbrown v0.16.0
cargo-deny	Install cargo-deny	2025-10-29T01:16:25.9864456Z [1m[32m  Downloaded[0m strum v0.27.2
cargo-deny	Install cargo-deny	2025-10-29T01:16:25.9874331Z [1m[32m  Downloaded[0m aho-corasick v1.1.3
cargo-deny	Install cargo-deny	2025-10-29T01:16:25.9927837Z [1m[32m  Downloaded[0m quinn-proto v0.11.13
cargo-deny	Install cargo-deny	2025-10-29T01:16:25.9995480Z [1m[32m  Downloaded[0m clap_builder v4.5.48
cargo-deny	Install cargo-deny	2025-10-29T01:16:26.0059155Z [1m[32m  Downloaded[0m base64 v0.22.1
cargo-deny	Install cargo-deny	2025-10-29T01:16:26.0097347Z [1m[32m  Downloaded[0m fern v0.7.1
cargo-deny	Install cargo-deny	2025-10-29T01:16:26.0140819Z [1m[32m  Downloaded[0m async-compression v0.4.30
cargo-deny	Install cargo-deny	2025-10-29T01:16:26.0205232Z [1m[32m  Downloaded[0m lazy_static v1.5.0
cargo-deny	Install cargo-deny	2025-10-29T01:16:26.0223365Z [1m[32m  Downloaded[0m http-body v1.0.1
cargo-deny	Install cargo-deny	2025-10-29T01:16:26.0233727Z [1m[32m  Downloaded[0m gix-revision v0.35.0
cargo-deny	Install cargo-deny	2025-10-29T01:16:26.0251958Z [1m[32m  Downloaded[0m gix-config v0.46.0
cargo-deny	Install cargo-deny	2025-10-29T01:16:26.0295954Z [1m[32m  Downloaded[0m linux-raw-sys v0.11.0
cargo-deny	Install cargo-deny	2025-10-29T01:16:26.0842303Z [1m[32m  Downloaded[0m gix-object v0.50.2
cargo-deny	Install cargo-deny	2025-10-29T01:16:26.0874556Z [1m[32m  Downloaded[0m gix-filter v0.20.0
cargo-deny	Install cargo-deny	2025-10-29T01:16:26.0900141Z [1m[32m  Downloaded[0m gix-features v0.43.1
cargo-deny	Install cargo-deny	2025-10-29T01:16:26.0925202Z [1m[32m  Downloaded[0m cvss v2.1.1
cargo-deny	Install cargo-deny	2025-10-29T01:16:26.0977311Z [1m[32m  Downloaded[0m crossbeam-utils v0.8.21
cargo-deny	Install cargo-deny	2025-10-29T01:16:26.1004058Z [1m[32m  Downloaded[0m cfg-expr v0.20.3
cargo-deny	Install cargo-deny	2025-10-29T01:16:26.1033471Z [1m[32m  Downloaded[0m bstr v1.12.0
cargo-deny	Install cargo-deny	2025-10-29T01:16:26.1111292Z [1m[32m  Downloaded[0m camino v1.2.0
cargo-deny	Install cargo-deny	2025-10-29T01:16:26.1130448Z [1m[32m  Downloaded[0m atomic-waker v1.1.2
cargo-deny	Install cargo-deny	2025-10-29T01:16:26.1142813Z [1m[32m  Downloaded[0m anstream v0.6.20
cargo-deny	Install cargo-deny	2025-10-29T01:16:26.1163014Z [1m[32m  Downloaded[0m gix-actor v0.35.4
cargo-deny	Install cargo-deny	2025-10-29T01:16:26.1175782Z [1m[32m  Downloaded[0m fastrand v2.3.0
cargo-deny	Install cargo-deny	2025-10-29T01:16:26.1188951Z [1m[32m  Downloaded[0m errno v0.3.14
cargo-deny	Install cargo-deny	2025-10-29T01:16:26.1204401Z [1m[32m  Downloaded[0m crossbeam-deque v0.8.6
cargo-deny	Install cargo-deny	2025-10-29T01:16:26.1218588Z [1m[32m  Downloaded[0m clru v0.6.2
cargo-deny	Install cargo-deny	2025-10-29T01:16:26.1230778Z [1m[32m  Downloaded[0m clap_derive v4.5.47
cargo-deny	Install cargo-deny	2025-10-29T01:16:26.1252295Z [1m[32m  Downloaded[0m askalono v0.5.0
cargo-deny	Install cargo-deny	2025-10-29T01:16:26.1270429Z [1m[32m  Downloaded[0m gix v0.73.0
cargo-deny	Install cargo-deny	2025-10-29T01:16:26.1430491Z [1m[32m  Downloaded[0m futures-util v0.3.31
cargo-deny	Install cargo-deny	2025-10-29T01:16:26.1558776Z [1m[32m  Downloaded[0m codespan v0.12.0
cargo-deny	Install cargo-deny	2025-10-29T01:16:26.1570372Z [1m[32m  Downloaded[0m clap v4.5.48
cargo-deny	Install cargo-deny	2025-10-29T01:16:26.1663179Z [1m[32m  Downloaded[0m cc v1.2.38
cargo-deny	Install cargo-deny	2025-10-29T01:16:26.1692464Z [1m[32m  Downloaded[0m getrandom v0.3.3
cargo-deny	Install cargo-deny	2025-10-29T01:16:26.1725091Z [1m[32m  Downloaded[0m futures-core v0.3.31
cargo-deny	Install cargo-deny	2025-10-29T01:16:26.1738468Z [1m[32m  Downloaded[0m encoding_rs v0.8.35
cargo-deny	Install cargo-deny	2025-10-29T01:16:26.1941555Z [1m[32m  Downloaded[0m flate2 v1.1.2
cargo-deny	Install cargo-deny	2025-10-29T01:16:26.1989988Z [1m[32m  Downloaded[0m lru-slab v0.1.2
cargo-deny	Install cargo-deny	2025-10-29T01:16:26.1998368Z [1m[32m  Downloaded[0m digest v0.10.7
cargo-deny	Install cargo-deny	2025-10-29T01:16:26.2015909Z [1m[32m  Downloaded[0m crossbeam-epoch v0.9.18
cargo-deny	Install cargo-deny	2025-10-29T01:16:26.2039824Z [1m[32m  Downloaded[0m crossbeam-channel v0.5.15
cargo-deny	Install cargo-deny	2025-10-29T01:16:26.2079728Z [1m[32m  Downloaded[0m cfg_aliases v0.2.1
cargo-deny	Install cargo-deny	2025-10-29T01:16:26.2089296Z [1m[32m  Downloaded[0m byteorder v1.5.0
cargo-deny	Install cargo-deny	2025-10-29T01:16:26.2105459Z [1m[32m  Downloaded[0m borsh v1.5.7
cargo-deny	Install cargo-deny	2025-10-29T01:16:26.2176925Z [1m[32m  Downloaded[0m block-buffer v0.10.4
cargo-deny	Install cargo-deny	2025-10-29T01:16:26.2187299Z [1m[32m  Downloaded[0m bitvec v1.0.1
cargo-deny	Install cargo-deny	2025-10-29T01:16:26.2357407Z [1m[32m  Downloaded[0m arc-swap v1.7.1
cargo-deny	Install cargo-deny	2025-10-29T01:16:26.2393770Z [1m[32m  Downloaded[0m anstyle-parse v0.2.7
cargo-deny	Install cargo-deny	2025-10-29T01:16:26.2410208Z [1m[32m  Downloaded[0m gix-ignore v0.16.0
cargo-deny	Install cargo-deny	2025-10-29T01:16:26.2421055Z [1m[32m  Downloaded[0m gix-fs v0.16.1
cargo-deny	Install cargo-deny	2025-10-29T01:16:26.2435878Z [1m[32m  Downloaded[0m gix-discover v0.41.0
cargo-deny	Install cargo-deny	2025-10-29T01:16:26.2451048Z [1m[32m  Downloaded[0m gix-diff v0.53.0
cargo-deny	Install cargo-deny	2025-10-29T01:16:26.2477288Z [1m[32m  Downloaded[0m gix-config-value v0.15.1
cargo-deny	Install cargo-deny	2025-10-29T01:16:26.2489624Z [1m[32m  Downloaded[0m gix-commitgraph v0.29.0
cargo-deny	Install cargo-deny	2025-10-29T01:16:26.2504695Z [1m[32m  Downloaded[0m getrandom v0.2.16
cargo-deny	Install cargo-deny	2025-10-29T01:16:26.2533147Z [1m[32m  Downloaded[0m futures-sink v0.3.31
cargo-deny	Install cargo-deny	2025-10-29T01:16:26.2541294Z [1m[32m  Downloaded[0m fnv v1.0.7
cargo-deny	Install cargo-deny	2025-10-29T01:16:26.2550044Z [1m[32m  Downloaded[0m filetime v0.2.26
cargo-deny	Install cargo-deny	2025-10-29T01:16:26.2566234Z [1m[32m  Downloaded[0m equivalent v1.0.2
cargo-deny	Install cargo-deny	2025-10-29T01:16:26.2576186Z [1m[32m  Downloaded[0m either v1.15.0
cargo-deny	Install cargo-deny	2025-10-29T01:16:26.2590850Z [1m[32m  Downloaded[0m displaydoc v0.2.5
cargo-deny	Install cargo-deny	2025-10-29T01:16:26.2621188Z [1m[32m  Downloaded[0m deranged v0.5.3
cargo-deny	Install cargo-deny	2025-10-29T01:16:26.2634666Z [1m[32m  Downloaded[0m crypto-common v0.1.6
cargo-deny	Install cargo-deny	2025-10-29T01:16:26.2643531Z [1m[32m  Downloaded[0m crossbeam v0.8.4
cargo-deny	Install cargo-deny	2025-10-29T01:16:26.2654882Z [1m[32m  Downloaded[0m crc32fast v1.5.0
cargo-deny	Install cargo-deny	2025-10-29T01:16:26.2673523Z [1m[32m  Downloaded[0m cpufeatures v0.2.17
cargo-deny	Install cargo-deny	2025-10-29T01:16:26.2687169Z [1m[32m  Downloaded[0m compression-core v0.4.29
cargo-deny	Install cargo-deny	2025-10-29T01:16:26.2695954Z [1m[32m  Downloaded[0m cargo-lock v10.1.0
cargo-deny	Install cargo-deny	2025-10-29T01:16:26.2723571Z [1m[32m  Downloaded[0m bytes v1.10.1
cargo-deny	Install cargo-deny	2025-10-29T01:16:26.2764460Z [1m[32m  Downloaded[0m bitflags v2.9.4
cargo-deny	Install cargo-deny	2025-10-29T01:16:26.2805377Z [1m[32m  Downloaded[0m anyhow v1.0.100
cargo-deny	Install cargo-deny	2025-10-29T01:16:26.2845310Z [1m[32m  Downloaded[0m anstyle v1.0.11
cargo-deny	Install cargo-deny	2025-10-29T01:16:26.2859756Z [1m[32m  Downloaded[0m allocator-api2 v0.2.21
cargo-deny	Install cargo-deny	2025-10-29T01:16:26.2885135Z [1m[32m  Downloaded[0m adler2 v2.0.1
cargo-deny	Install cargo-deny	2025-10-29T01:16:26.2897198Z [1m[32m  Downloaded[0m ring v0.17.14
cargo-deny	Install cargo-deny	2025-10-29T01:16:26.3324423Z [1m[32m  Downloaded[0m gix-negotiate v0.21.0
cargo-deny	Install cargo-deny	2025-10-29T01:16:26.3336487Z [1m[32m  Downloaded[0m gix-index v0.41.0
cargo-deny	Install cargo-deny	2025-10-29T01:16:26.3372330Z [1m[32m  Downloaded[0m gix-hashtable v0.9.0
cargo-deny	Install cargo-deny	2025-10-29T01:16:26.3381371Z [1m[32m  Downloaded[0m gix-hash v0.19.0
cargo-deny	Install cargo-deny	2025-10-29T01:16:26.3395220Z [1m[32m  Downloaded[0m socket2 v0.6.0
cargo-deny	Install cargo-deny	2025-10-29T01:16:26.3413133Z [1m[32m  Downloaded[0m gix-glob v0.21.0
cargo-deny	Install cargo-deny	2025-10-29T01:16:26.3426029Z [1m[32m  Downloaded[0m gix-date v0.10.5
cargo-deny	Install cargo-deny	2025-10-29T01:16:26.3439214Z [1m[32m  Downloaded[0m gix-credentials v0.30.0
cargo-deny	Install cargo-deny	2025-10-29T01:16:26.3455950Z [1m[32m  Downloaded[0m gix-command v0.6.2
cargo-deny	Install cargo-deny	2025-10-29T01:16:26.3465649Z [1m[32m  Downloaded[0m gix-bitmap v0.2.14
cargo-deny	Install cargo-deny	2025-10-29T01:16:26.3474484Z [1m[32m  Downloaded[0m generic-array v0.14.7
cargo-deny	Install cargo-deny	2025-10-29T01:16:26.3488381Z [1m[32m  Downloaded[0m futures-task v0.3.31
cargo-deny	Install cargo-deny	2025-10-29T01:16:26.3499634Z [1m[32m  Downloaded[0m futures-io v0.3.31
cargo-deny	Install cargo-deny	2025-10-29T01:16:26.3507802Z [1m[32m  Downloaded[0m futures-channel v0.3.31
cargo-deny	Install cargo-deny	2025-10-29T01:16:26.3525823Z [1m[32m  Downloaded[0m funty v2.0.0
cargo-deny	Install cargo-deny	2025-10-29T01:16:26.3533649Z [1m[32m  Downloaded[0m fs-err v3.1.2
cargo-deny	Install cargo-deny	2025-10-29T01:16:26.3553044Z [1m[32m  Downloaded[0m foldhash v0.1.5
cargo-deny	Install cargo-deny	2025-10-29T01:16:26.3565069Z [1m[32m  Downloaded[0m fixedbitset v0.5.7
cargo-deny	Install cargo-deny	2025-10-29T01:16:26.3583384Z [1m[32m  Downloaded[0m find-msvc-tools v0.1.2
cargo-deny	Install cargo-deny	2025-10-29T01:16:26.3598991Z [1m[32m  Downloaded[0m faster-hex v0.10.0
cargo-deny	Install cargo-deny	2025-10-29T01:16:26.3613887Z [1m[32m  Downloaded[0m crossbeam-queue v0.3.12
cargo-deny	Install cargo-deny	2025-10-29T01:16:26.3626027Z [1m[32m  Downloaded[0m compression-codecs v0.4.30
cargo-deny	Install cargo-deny	2025-10-29T01:16:26.3663163Z [1m[32m  Downloaded[0m colorchoice v1.0.4
cargo-deny	Install cargo-deny	2025-10-29T01:16:26.3672812Z [1m[32m  Downloaded[0m clap_lex v0.7.5
cargo-deny	Install cargo-deny	2025-10-29T01:16:26.3683608Z [1m[32m  Downloaded[0m anstyle-query v1.1.4
cargo-deny	Install cargo-deny	2025-10-29T01:16:26.3694945Z [1m[32m  Downloaded[0m cfg-if v1.0.3
cargo-deny	Install cargo-deny	2025-10-29T01:16:26.3707764Z [1m[32m  Downloaded[0m zerotrie v0.2.2
cargo-deny	Install cargo-deny	2025-10-29T01:16:26.3742839Z [1m[32m  Downloaded[0m tower-http v0.6.6
cargo-deny	Install cargo-deny	2025-10-29T01:16:26.3824142Z [1m[32m  Downloaded[0m yoke v0.8.0
cargo-deny	Install cargo-deny	2025-10-29T01:16:26.3840335Z [1m[32m  Downloaded[0m tower-layer v0.3.3
cargo-deny	Install cargo-deny	2025-10-29T01:16:26.3849711Z [1m[32m  Downloaded[0m time v0.3.44
cargo-deny	Install cargo-deny	2025-10-29T01:16:26.3930543Z [1m[32m  Downloaded[0m writeable v0.6.1
cargo-deny	Install cargo-deny	2025-10-29T01:16:26.3948342Z [1m[32m  Downloaded[0m walkdir v2.5.0
cargo-deny	Install cargo-deny	2025-10-29T01:16:26.3966026Z [1m[32m  Downloaded[0m tracing v0.1.41
cargo-deny	Install cargo-deny	2025-10-29T01:16:26.4004232Z [1m[32m  Downloaded[0m tower v0.5.2
cargo-deny	Install cargo-deny	2025-10-29T01:16:26.4103939Z [1m[32m  Downloaded[0m tokio-util v0.7.16
cargo-deny	Install cargo-deny	2025-10-29T01:16:26.4175606Z [1m[32m  Downloaded[0m scroll_derive v0.13.1
cargo-deny	Install cargo-deny	2025-10-29T01:16:26.4183445Z [1m[32m  Downloaded[0m try-lock v0.2.5
cargo-deny	Install cargo-deny	2025-10-29T01:16:26.4192696Z [1m[32m  Downloaded[0m tracing-core v0.1.34
cargo-deny	Install cargo-deny	2025-10-29T01:16:26.4219162Z [1m[32m  Downloaded[0m toml_edit v0.22.27
cargo-deny	Install cargo-deny	2025-10-29T01:16:26.4261432Z [1m[32m  Downloaded[0m rustls v0.23.32
cargo-deny	Install cargo-deny	2025-10-29T01:16:26.4378615Z [1m[32m  Downloaded[0m gix-refspec v0.31.0
cargo-deny	Install cargo-deny	2025-10-29T01:16:26.4394382Z [1m[32m  Downloaded[0m unicode-bom v2.0.3
cargo-deny	Install cargo-deny	2025-10-29T01:16:26.4407555Z [1m[32m  Downloaded[0m toml_datetime v0.6.11
cargo-deny	Install cargo-deny	2025-10-29T01:16:26.4418743Z [1m[32m  Downloaded[0m time-macros v0.2.24
cargo-deny	Install cargo-deny	2025-10-29T01:16:26.4440393Z [1m[32m  Downloaded[0m time-core v0.1.6
cargo-deny	Install cargo-deny	2025-10-29T01:16:26.4450900Z [1m[32m  Downloaded[0m syn v2.0.106
cargo-deny	Install cargo-deny	2025-10-29T01:16:26.4556877Z [1m[32m  Downloaded[0m tempfile v3.22.0
cargo-deny	Install cargo-deny	2025-10-29T01:16:26.4585191Z [1m[32m  Downloaded[0m strum_macros v0.27.2
cargo-deny	Install cargo-deny	2025-10-29T01:16:26.4608670Z [1m[32m  Downloaded[0m shlex v1.3.0
cargo-deny	Install cargo-deny	2025-10-29T01:16:26.4621117Z [1m[32m  Downloaded[0m serde_json v1.0.145
cargo-deny	Install cargo-deny	2025-10-29T01:16:26.4692737Z [1m[32m  Downloaded[0m reqwest v0.12.23
cargo-deny	Install cargo-deny	2025-10-29T01:16:26.4746338Z [1m[32m  Downloaded[0m jiff v0.2.15
cargo-deny	Install cargo-deny	2025-10-29T01:16:26.4896430Z [1m[32m  Downloaded[0m tap v1.0.1
cargo-deny	Install cargo-deny	2025-10-29T01:16:26.4905016Z [1m[32m  Downloaded[0m static_assertions v1.1.0
cargo-deny	Install cargo-deny	2025-10-29T01:16:26.4918706Z [1m[32m  Downloaded[0m shell-words v1.1.0
cargo-deny	Install cargo-deny	2025-10-29T01:16:26.4927531Z [1m[32m  Downloaded[0m serde_urlencoded v0.7.1
cargo-deny	Install cargo-deny	2025-10-29T01:16:26.4943335Z [1m[32m  Downloaded[0m rustix v1.1.2
cargo-deny	Install cargo-deny	2025-10-29T01:16:26.5209909Z [1m[32m  Downloaded[0m gix-url v0.32.0
cargo-deny	Install cargo-deny	2025-10-29T01:16:26.5222404Z [1m[32m  Downloaded[0m stable_deref_trait v1.2.0
cargo-deny	Install cargo-deny	2025-10-29T01:16:26.5230707Z [1m[32m  Downloaded[0m zeroize v1.8.1
cargo-deny	Install cargo-deny	2025-10-29T01:16:26.5243000Z [1m[32m  Downloaded[0m yoke-derive v0.8.0
cargo-deny	Install cargo-deny	2025-10-29T01:16:26.5252294Z [1m[32m  Downloaded[0m synstructure v0.13.2
cargo-deny	Install cargo-deny	2025-10-29T01:16:26.5262249Z [1m[32m  Downloaded[0m smallvec v1.15.1
cargo-deny	Install cargo-deny	2025-10-29T01:16:26.5282534Z [1m[32m  Downloaded[0m regex-syntax v0.8.6
cargo-deny	Install cargo-deny	2025-10-29T01:16:26.5350300Z [1m[32m  Downloaded[0m rayon v1.11.0
cargo-deny	Install cargo-deny	2025-10-29T01:16:26.5443618Z [1m[32m  Downloaded[0m scopeguard v1.2.0
cargo-deny	Install cargo-deny	2025-10-29T01:16:26.5455448Z [1m[32m  Downloaded[0m rustls-webpki v0.103.6
cargo-deny	Install cargo-deny	2025-10-29T01:16:26.5485607Z [1m[32m  Downloaded[0m serde_spanned v0.6.9
cargo-deny	Install cargo-deny	2025-10-29T01:16:26.5495910Z [1m[32m  Downloaded[0m rustls-pki-types v1.12.0
cargo-deny	Install cargo-deny	2025-10-29T01:16:26.5541472Z [1m[32m  Downloaded[0m rmp v0.8.14
cargo-deny	Install cargo-deny	2025-10-29T01:16:26.5579413Z [1m[32m  Downloaded[0m regex v1.11.2
cargo-deny	Install cargo-deny	2025-10-29T01:16:26.5648389Z [1m[32m  Downloaded[0m zerofrom v0.1.6
cargo-deny	Install cargo-deny	2025-10-29T01:16:26.5656583Z [1m[32m  Downloaded[0m untrusted v0.9.0
cargo-deny	Install cargo-deny	2025-10-29T01:16:26.5672344Z [1m[32m  Downloaded[0m tinystr v0.8.1
cargo-deny	Install cargo-deny	2025-10-29T01:16:26.5691002Z [1m[32m  Downloaded[0m sync_wrapper v1.0.2
cargo-deny	Install cargo-deny	2025-10-29T01:16:26.5698711Z [1m[32m  Downloaded[0m serde_derive v1.0.226
cargo-deny	Install cargo-deny	2025-10-29T01:16:26.5723099Z [1m[32m  Downloaded[0m serde v1.0.226
cargo-deny	Install cargo-deny	2025-10-29T01:16:26.5737791Z [1m[32m  Downloaded[0m goblin v0.10.1
cargo-deny	Install cargo-deny	2025-10-29T01:16:26.5806892Z [1m[32m  Downloaded[0m scroll v0.13.0
cargo-deny	Install cargo-deny	2025-10-29T01:16:26.5822851Z [1m[32m  Downloaded[0m rmp-serde v1.3.0
cargo-deny	Install cargo-deny	2025-10-29T01:16:26.5840273Z [1m[32m  Downloaded[0m rayon-core v1.13.0
cargo-deny	Install cargo-deny	2025-10-29T01:16:26.5876101Z [1m[32m  Downloaded[0m h2 v0.4.12
cargo-deny	Install cargo-deny	2025-10-29T01:16:26.5940682Z [1m[32m  Downloaded[0m tower-service v0.3.3
cargo-deny	Install cargo-deny	2025-10-29T01:16:26.5947975Z [1m[32m  Downloaded[0m toml_write v0.1.2
cargo-deny	Install cargo-deny	2025-10-29T01:16:26.5959980Z [1m[32m  Downloaded[0m tinyvec v1.10.0
cargo-deny	Install cargo-deny	2025-10-29T01:16:26.5984573Z [1m[32m  Downloaded[0m sha2 v0.10.9
cargo-deny	Install cargo-deny	2025-10-29T01:16:26.6009243Z [1m[32m  Downloaded[0m hashbrown v0.15.5
cargo-deny	Install cargo-deny	2025-10-29T01:16:26.6057423Z [1m[32m  Downloaded[0m gix-quote v0.6.0
cargo-deny	Install cargo-deny	2025-10-29T01:16:26.6066959Z [1m[32m  Downloaded[0m gix-protocol v0.51.0
cargo-deny	Install cargo-deny	2025-10-29T01:16:26.6096982Z [1m[32m  Downloaded[0m hyper-util v0.1.17
cargo-deny	Install cargo-deny	2025-10-29T01:16:26.6152783Z [1m[32m  Downloaded[0m http v1.3.1
cargo-deny	Install cargo-deny	2025-10-29T01:16:26.6187395Z [1m[32m  Downloaded[0m globset v0.4.16
cargo-deny	Install cargo-deny	2025-10-29T01:16:26.6200953Z [1m[32m  Downloaded[0m quinn v0.11.9
cargo-deny	Install cargo-deny	2025-10-29T01:16:26.6231895Z [1m[32m  Downloaded[0m mio v1.0.4
cargo-deny	Install cargo-deny	2025-10-29T01:16:26.6289283Z [1m[32m  Downloaded[0m icu_normalizer_data v2.0.0
cargo-deny	Install cargo-deny	2025-10-29T01:16:26.6309805Z [1m[32m  Downloaded[0m heapless v0.8.0
cargo-deny	Install cargo-deny	2025-10-29T01:16:26.6346350Z [1m[32m  Downloaded[0m signal-hook v0.3.18
cargo-deny	Install cargo-deny	2025-10-29T01:16:26.6375688Z [1m[32m  Downloaded[0m ryu v1.0.20
cargo-deny	Install cargo-deny	2025-10-29T01:16:26.6406040Z [1m[32m  Downloaded[0m miniz_oxide v0.8.9
cargo-deny	Install cargo-deny	2025-10-29T01:16:26.6429911Z [1m[32m  Downloaded[0m once_cell v1.21.3
cargo-deny	Install cargo-deny	2025-10-29T01:16:26.6453999Z [1m[32m  Downloaded[0m quinn-udp v0.5.14
cargo-deny	Install cargo-deny	2025-10-29T01:16:26.6470900Z [1m[32m  Downloaded[0m percent-encoding v2.3.2
cargo-deny	Install cargo-deny	2025-10-29T01:16:26.6479346Z [1m[32m  Downloaded[0m icu_properties v2.0.1
cargo-deny	Install cargo-deny	2025-10-29T01:16:26.6499505Z [1m[32m  Downloaded[0m lock_api v0.4.13
cargo-deny	Install cargo-deny	2025-10-29T01:16:26.6511991Z [1m[32m  Downloaded[0m sha1 v0.10.6
cargo-deny	Install cargo-deny	2025-10-29T01:16:26.6527517Z [1m[32m  Downloaded[0m semver v1.0.27
cargo-deny	Install cargo-deny	2025-10-29T01:16:26.6549339Z [1m[32m  Downloaded[0m quote v1.0.40
cargo-deny	Install cargo-deny	2025-10-29T01:16:26.6574575Z [1m[32m  Downloaded[0m potential_utf v0.1.3
cargo-deny	Install cargo-deny	2025-10-29T01:16:26.6583874Z [1m[32m  Downloaded[0m hash32 v0.3.1
cargo-deny	Install cargo-deny	2025-10-29T01:16:26.6597466Z [1m[32m  Downloaded[0m gix-worktree-state v0.20.0
cargo-deny	Install cargo-deny	2025-10-29T01:16:26.6610189Z [1m[32m  Downloaded[0m hyper-rustls v0.27.7
cargo-deny	Install cargo-deny	2025-10-29T01:16:26.6633074Z [1m[32m  Downloaded[0m rustc-stable-hash v0.1.2
cargo-deny	Install cargo-deny	2025-10-29T01:16:26.6647860Z [1m[32m  Downloaded[0m radium v0.7.0
cargo-deny	Install cargo-deny	2025-10-29T01:16:26.6657339Z [1m[32m  Downloaded[0m powerfmt v0.2.0
cargo-deny	Install cargo-deny	2025-10-29T01:16:26.6667336Z [1m[32m  Downloaded[0m kstring v2.0.2
cargo-deny	Install cargo-deny	2025-10-29T01:16:26.6682860Z [1m[32m  Downloaded[0m io-close v0.3.7
cargo-deny	Install cargo-deny	2025-10-29T01:16:26.6692532Z [1m[32m  Downloaded[0m http-body-util v0.1.3
cargo-deny	Install cargo-deny	2025-10-29T01:16:26.6709269Z [1m[32m  Downloaded[0m idna v1.1.0
cargo-deny	Install cargo-deny	2025-10-29T01:16:26.6743418Z [1m[32m  Downloaded[0m hyper v1.7.0
cargo-deny	Install cargo-deny	2025-10-29T01:16:26.6807714Z [1m[32m  Downloaded[0m gix-worktree v0.42.0
cargo-deny	Install cargo-deny	2025-10-29T01:16:26.6822603Z [1m[32m  Downloaded[0m prodash v30.0.1
cargo-deny	Install cargo-deny	2025-10-29T01:16:26.6862295Z [1m[32m  Downloaded[0m icu_normalizer v2.0.0
cargo-deny	Install cargo-deny	2025-10-29T01:16:26.6894522Z [1m[32m  Downloaded[0m icu_locale_core v2.0.0
cargo-deny	Install cargo-deny	2025-10-29T01:16:26.6964501Z [1m[32m  Downloaded[0m gix-transport v0.48.0
cargo-deny	Install cargo-deny	2025-10-29T01:16:26.7000073Z [1m[32m  Downloaded[0m gix-packetline v0.19.1
cargo-deny	Install cargo-deny	2025-10-29T01:16:26.7021478Z [1m[32m  Downloaded[0m gix-pack v0.60.0
cargo-deny	Install cargo-deny	2025-10-29T01:16:26.7084838Z [1m[32m  Downloaded[0m num-traits v0.2.19
cargo-deny	Install cargo-deny	2025-10-29T01:16:26.7109729Z [1m[32m  Downloaded[0m log v0.4.28
cargo-deny	Install cargo-deny	2025-10-29T01:16:26.7133114Z [1m[32m  Downloaded[0m libz-rs-sys v0.5.2
cargo-deny	Install cargo-deny	2025-10-29T01:16:26.7146107Z [1m[32m  Downloaded[0m krates v0.20.0
cargo-deny	Install cargo-deny	2025-10-29T01:16:26.7173824Z [1m[32m  Downloaded[0m jiff-static v0.2.15
cargo-deny	Install cargo-deny	2025-10-29T01:16:26.7196353Z [1m[32m  Downloaded[0m indexmap v2.11.4
cargo-deny	Install cargo-deny	2025-10-29T01:16:26.7237299Z [1m[32m  Downloaded[0m idna_adapter v1.2.1
cargo-deny	Install cargo-deny	2025-10-29T01:16:26.7245469Z [1m[32m  Downloaded[0m icu_provider v2.0.0
cargo-deny	Install cargo-deny	2025-10-29T01:16:26.7269889Z [1m[32m  Downloaded[0m icu_collections v2.0.0
cargo-deny	Install cargo-deny	2025-10-29T01:16:26.7329701Z [1m[32m  Downloaded[0m httparse v1.10.1
cargo-deny	Install cargo-deny	2025-10-29T01:16:26.7353607Z [1m[32m  Downloaded[0m gix-traverse v0.47.0
cargo-deny	Install cargo-deny	2025-10-29T01:16:26.7370635Z [1m[32m  Downloaded[0m gix-submodule v0.20.0
cargo-deny	Install cargo-deny	2025-10-29T01:16:26.7381919Z [1m[32m  Downloaded[0m gix-path v0.10.20
cargo-deny	Install cargo-deny	2025-10-29T01:16:26.7398071Z [1m[32m  Downloaded[0m rand_chacha v0.9.0
cargo-deny	Install cargo-deny	2025-10-29T01:16:26.7409204Z [1m[32m  Downloaded[0m proc-macro2 v1.0.101
cargo-deny	Install cargo-deny	2025-10-29T01:16:26.7435816Z [1m[32m  Downloaded[0m platforms v3.6.0
cargo-deny	Install cargo-deny	2025-10-29T01:16:26.7454264Z [1m[32m  Downloaded[0m plain v0.2.3
cargo-deny	Install cargo-deny	2025-10-29T01:16:26.7464507Z [1m[32m  Downloaded[0m pkg-config v0.3.32
cargo-deny	Install cargo-deny	2025-10-29T01:16:26.7479404Z [1m[32m  Downloaded[0m pin-utils v0.1.0
cargo-deny	Install cargo-deny	2025-10-29T01:16:26.7490550Z [1m[32m  Downloaded[0m pin-project-lite v0.2.16
cargo-deny	Install cargo-deny	2025-10-29T01:16:26.7546121Z [1m[32m  Downloaded[0m memmap2 v0.9.8
cargo-deny	Install cargo-deny	2025-10-29T01:16:26.7563136Z [1m[32m  Downloaded[0m litemap v0.8.0
cargo-deny	Install cargo-deny	2025-10-29T01:16:26.7584327Z [1m[32m  Downloaded[0m ipnet v2.11.0
cargo-deny	Install cargo-deny	2025-10-29T01:16:26.7599425Z [1m[32m  Downloaded[0m home v0.5.11
cargo-deny	Install cargo-deny	2025-10-29T01:16:26.7608627Z [1m[32m  Downloaded[0m gix-validate v0.10.0
cargo-deny	Install cargo-deny	2025-10-29T01:16:26.7619069Z [1m[32m  Downloaded[0m gix-utils v0.3.0
cargo-deny	Install cargo-deny	2025-10-29T01:16:26.7629706Z [1m[32m  Downloaded[0m gix-trace v0.1.13
cargo-deny	Install cargo-deny	2025-10-29T01:16:26.7639250Z [1m[32m  Downloaded[0m gix-tempfile v18.0.0
cargo-deny	Install cargo-deny	2025-10-29T01:16:26.7651546Z [1m[32m  Downloaded[0m paste v1.0.15
cargo-deny	Install cargo-deny	2025-10-29T01:16:26.7681842Z [1m[32m  Downloaded[0m num-conv v0.1.0
cargo-deny	Install cargo-deny	2025-10-29T01:16:26.7689242Z [1m[32m  Downloaded[0m nu-ansi-term v0.50.1
cargo-deny	Install cargo-deny	2025-10-29T01:16:26.7712172Z [1m[32m  Downloaded[0m mime v0.3.17
cargo-deny	Install cargo-deny	2025-10-29T01:16:26.7724264Z [1m[32m  Downloaded[0m maybe-async v0.2.10
cargo-deny	Install cargo-deny	2025-10-29T01:16:26.7750586Z [1m[32m  Downloaded[0m itoa v1.0.15
cargo-deny	Install cargo-deny	2025-10-29T01:16:26.7763537Z [1m[32m  Downloaded[0m is_terminal_polyfill v1.70.1
cargo-deny	Install cargo-deny	2025-10-29T01:16:26.7771697Z [1m[32m  Downloaded[0m heck v0.5.0
cargo-deny	Install cargo-deny	2025-10-29T01:16:26.7783877Z [1m[32m  Downloaded[0m gix-revwalk v0.21.0
cargo-deny	Install cargo-deny	2025-10-29T01:16:26.7795139Z [1m[32m  Downloaded[0m gix-ref v0.53.1
cargo-deny	Install cargo-deny	2025-10-29T01:16:26.7837798Z [1m[32m  Downloaded[0m gix-prompt v0.11.1
cargo-deny	Install cargo-deny	2025-10-29T01:16:26.7848342Z [1m[32m  Downloaded[0m gix-pathspec v0.12.0
cargo-deny	Install cargo-deny	2025-10-29T01:16:26.9545762Z [1m[32m   Compiling[0m proc-macro2 v1.0.101
cargo-deny	Install cargo-deny	2025-10-29T01:16:26.9547332Z [1m[32m   Compiling[0m unicode-ident v1.0.19
cargo-deny	Install cargo-deny	2025-10-29T01:16:26.9548043Z [1m[32m   Compiling[0m libc v0.2.175
cargo-deny	Install cargo-deny	2025-10-29T01:16:26.9548637Z [1m[32m   Compiling[0m memchr v2.7.5
cargo-deny	Install cargo-deny	2025-10-29T01:16:29.9368136Z [1m[32m   Compiling[0m cfg-if v1.0.3
cargo-deny	Install cargo-deny	2025-10-29T01:16:30.1325979Z [1m[32m   Compiling[0m smallvec v1.15.1
cargo-deny	Install cargo-deny	2025-10-29T01:16:30.4373014Z [1m[32m   Compiling[0m autocfg v1.5.0
cargo-deny	Install cargo-deny	2025-10-29T01:16:30.4964217Z [1m[32m   Compiling[0m aho-corasick v1.1.3
cargo-deny	Install cargo-deny	2025-10-29T01:16:30.9190373Z [1m[32m   Compiling[0m regex-syntax v0.8.6
cargo-deny	Install cargo-deny	2025-10-29T01:16:33.5503122Z [1m[32m   Compiling[0m quote v1.0.40
cargo-deny	Install cargo-deny	2025-10-29T01:16:33.6385304Z [1m[32m   Compiling[0m thiserror v2.0.16
cargo-deny	Install cargo-deny	2025-10-29T01:16:33.7215250Z [1m[32m   Compiling[0m syn v2.0.106
cargo-deny	Install cargo-deny	2025-10-29T01:16:33.7830507Z [1m[32m   Compiling[0m regex-automata v0.4.10
cargo-deny	Install cargo-deny	2025-10-29T01:16:33.8547809Z [1m[32m   Compiling[0m bytes v1.10.1
cargo-deny	Install cargo-deny	2025-10-29T01:16:34.5719866Z [1m[32m   Compiling[0m once_cell v1.21.3
cargo-deny	Install cargo-deny	2025-10-29T01:16:34.7495173Z [1m[32m   Compiling[0m stable_deref_trait v1.2.0
cargo-deny	Install cargo-deny	2025-10-29T01:16:34.7829526Z [1m[32m   Compiling[0m tinyvec_macros v0.1.1
cargo-deny	Install cargo-deny	2025-10-29T01:16:34.8170935Z [1m[32m   Compiling[0m tinyvec v1.10.0
cargo-deny	Install cargo-deny	2025-10-29T01:16:35.2893540Z [1m[32m   Compiling[0m unicode-normalization v0.1.24
cargo-deny	Install cargo-deny	2025-10-29T01:16:35.3035924Z [1m[32m   Compiling[0m fastrand v2.3.0
cargo-deny	Install cargo-deny	2025-10-29T01:16:35.5200349Z [1m[32m   Compiling[0m gix-trace v0.1.13
cargo-deny	Install cargo-deny	2025-10-29T01:16:35.5758309Z [1m[32m   Compiling[0m crc32fast v1.5.0
cargo-deny	Install cargo-deny	2025-10-29T01:16:35.7274240Z [1m[32m   Compiling[0m lock_api v0.4.13
cargo-deny	Install cargo-deny	2025-10-29T01:16:35.8143080Z [1m[32m   Compiling[0m zlib-rs v0.5.2
cargo-deny	Install cargo-deny	2025-10-29T01:16:35.8188300Z [1m[32m   Compiling[0m parking_lot_core v0.9.11
cargo-deny	Install cargo-deny	2025-10-29T01:16:35.9128198Z [1m[32m   Compiling[0m adler2 v2.0.1
cargo-deny	Install cargo-deny	2025-10-29T01:16:35.9683008Z [1m[32m   Compiling[0m miniz_oxide v0.8.9
cargo-deny	Install cargo-deny	2025-10-29T01:16:37.0051501Z [1m[32m   Compiling[0m bstr v1.12.0
cargo-deny	Install cargo-deny	2025-10-29T01:16:38.1669005Z [1m[32m   Compiling[0m gix-utils v0.3.0
cargo-deny	Install cargo-deny	2025-10-29T01:16:38.5505692Z [1m[32m   Compiling[0m home v0.5.11
cargo-deny	Install cargo-deny	2025-10-29T01:16:38.6264662Z [1m[32m   Compiling[0m scopeguard v1.2.0
cargo-deny	Install cargo-deny	2025-10-29T01:16:38.9348610Z [1m[32m   Compiling[0m thiserror-impl v2.0.16
cargo-deny	Install cargo-deny	2025-10-29T01:16:39.0601183Z [1m[32m   Compiling[0m libz-rs-sys v0.5.2
cargo-deny	Install cargo-deny	2025-10-29T01:16:39.1888722Z [1m[32m   Compiling[0m flate2 v1.1.2
cargo-deny	Install cargo-deny	2025-10-29T01:16:39.6625255Z [1m[32m   Compiling[0m parking_lot v0.12.4
cargo-deny	Install cargo-deny	2025-10-29T01:16:40.1917747Z [1m[32m   Compiling[0m gix-validate v0.10.0
cargo-deny	Install cargo-deny	2025-10-29T01:16:40.2347448Z [1m[32m   Compiling[0m itoa v1.0.15
cargo-deny	Install cargo-deny	2025-10-29T01:16:40.2489741Z [1m[32m   Compiling[0m same-file v1.0.6
cargo-deny	Install cargo-deny	2025-10-29T01:16:40.3172754Z [1m[32m   Compiling[0m walkdir v2.5.0
cargo-deny	Install cargo-deny	2025-10-29T01:16:40.3301284Z [1m[32m   Compiling[0m prodash v30.0.1
cargo-deny	Install cargo-deny	2025-10-29T01:16:40.5455206Z [1m[32m   Compiling[0m gix-path v0.10.20
cargo-deny	Install cargo-deny	2025-10-29T01:16:40.7432595Z [1m[32m   Compiling[0m equivalent v1.0.2
cargo-deny	Install cargo-deny	2025-10-29T01:16:40.7950857Z [1m[32m   Compiling[0m gix-features v0.43.1
cargo-deny	Install cargo-deny	2025-10-29T01:16:41.0142930Z [1m[32m   Compiling[0m byteorder v1.5.0
cargo-deny	Install cargo-deny	2025-10-29T01:16:41.2262274Z [1m[32m   Compiling[0m typenum v1.18.0
cargo-deny	Install cargo-deny	2025-10-29T01:16:41.4278970Z [1m[32m   Compiling[0m version_check v0.9.5
cargo-deny	Install cargo-deny	2025-10-29T01:16:41.5130552Z [1m[32m   Compiling[0m bitflags v2.9.4
cargo-deny	Install cargo-deny	2025-10-29T01:16:41.6436350Z [1m[32m   Compiling[0m generic-array v0.14.7
cargo-deny	Install cargo-deny	2025-10-29T01:16:41.7458707Z [1m[32m   Compiling[0m serde_core v1.0.226
cargo-deny	Install cargo-deny	2025-10-29T01:16:41.7461739Z [1m[32m   Compiling[0m heapless v0.8.0
cargo-deny	Install cargo-deny	2025-10-29T01:16:41.7463446Z [1m[32m   Compiling[0m hash32 v0.3.1
cargo-deny	Install cargo-deny	2025-10-29T01:16:41.8302385Z [1m[32m   Compiling[0m cpufeatures v0.2.17
cargo-deny	Install cargo-deny	2025-10-29T01:16:41.8639104Z [1m[32m   Compiling[0m serde v1.0.226
cargo-deny	Install cargo-deny	2025-10-29T01:16:42.0511468Z [1m[32m   Compiling[0m serde_derive v1.0.226
cargo-deny	Install cargo-deny	2025-10-29T01:16:42.5782414Z [1m[32m   Compiling[0m crypto-common v0.1.6
cargo-deny	Install cargo-deny	2025-10-29T01:16:42.6460411Z [1m[32m   Compiling[0m block-buffer v0.10.4
cargo-deny	Install cargo-deny	2025-10-29T01:16:42.7155033Z [1m[32m   Compiling[0m faster-hex v0.10.0
cargo-deny	Install cargo-deny	2025-10-29T01:16:42.7337227Z [1m[32m   Compiling[0m digest v0.10.7
cargo-deny	Install cargo-deny	2025-10-29T01:16:42.8902425Z [1m[32m   Compiling[0m synstructure v0.13.2
cargo-deny	Install cargo-deny	2025-10-29T01:16:42.9255020Z [1m[32m   Compiling[0m sha1 v0.10.6
cargo-deny	Install cargo-deny	2025-10-29T01:16:43.1647244Z [1m[32m   Compiling[0m winnow v0.7.13
cargo-deny	Install cargo-deny	2025-10-29T01:16:43.3737536Z [1m[32m   Compiling[0m zerofrom-derive v0.1.6
cargo-deny	Install cargo-deny	2025-10-29T01:16:44.4300035Z [1m[32m   Compiling[0m sha1-checked v0.10.0
cargo-deny	Install cargo-deny	2025-10-29T01:16:44.5475994Z [1m[32m   Compiling[0m jiff v0.2.15
cargo-deny	Install cargo-deny	2025-10-29T01:16:44.9018244Z [1m[32m   Compiling[0m allocator-api2 v0.2.21
cargo-deny	Install cargo-deny	2025-10-29T01:16:45.2735493Z [1m[32m   Compiling[0m foldhash v0.1.5
cargo-deny	Install cargo-deny	2025-10-29T01:16:45.2862321Z [1m[32m   Compiling[0m gix-hash v0.19.0
cargo-deny	Install cargo-deny	2025-10-29T01:16:45.4002255Z [1m[32m   Compiling[0m hashbrown v0.15.5
cargo-deny	Install cargo-deny	2025-10-29T01:16:45.6705015Z [1m[32m   Compiling[0m zerofrom v0.1.6
cargo-deny	Install cargo-deny	2025-10-29T01:16:45.7477560Z [1m[32m   Compiling[0m yoke-derive v0.8.0
cargo-deny	Install cargo-deny	2025-10-29T01:16:46.0898291Z [1m[32m   Compiling[0m zerovec-derive v0.11.1
cargo-deny	Install cargo-deny	2025-10-29T01:16:46.5476568Z [1m[32m   Compiling[0m jobserver v0.1.34
cargo-deny	Install cargo-deny	2025-10-29T01:16:46.6559874Z [1m[32m   Compiling[0m yoke v0.8.0
cargo-deny	Install cargo-deny	2025-10-29T01:16:46.8173655Z [1m[32m   Compiling[0m find-msvc-tools v0.1.2
cargo-deny	Install cargo-deny	2025-10-29T01:16:46.8232043Z [1m[32m   Compiling[0m shlex v1.3.0
cargo-deny	Install cargo-deny	2025-10-29T01:16:46.9418090Z [1m[32m   Compiling[0m rustix v1.1.2
cargo-deny	Install cargo-deny	2025-10-29T01:16:46.9777005Z [1m[32m   Compiling[0m cc v1.2.38
cargo-deny	Install cargo-deny	2025-10-29T01:16:47.0905389Z [1m[32m   Compiling[0m zerovec v0.11.4
cargo-deny	Install cargo-deny	2025-10-29T01:16:47.2393832Z [1m[32m   Compiling[0m gix-hashtable v0.9.0
cargo-deny	Install cargo-deny	2025-10-29T01:16:47.3134949Z [1m[32m   Compiling[0m displaydoc v0.2.5
cargo-deny	Install cargo-deny	2025-10-29T01:16:47.7942482Z [1m[32m   Compiling[0m linux-raw-sys v0.11.0
cargo-deny	Install cargo-deny	2025-10-29T01:16:48.2463211Z [1m[32m   Compiling[0m memmap2 v0.9.8
cargo-deny	Install cargo-deny	2025-10-29T01:16:48.4246301Z [1m[32m   Compiling[0m pin-project-lite v0.2.16
cargo-deny	Install cargo-deny	2025-10-29T01:16:48.4669084Z [1m[32m   Compiling[0m getrandom v0.3.3
cargo-deny	Install cargo-deny	2025-10-29T01:16:48.5401238Z [1m[32m   Compiling[0m tinystr v0.8.1
cargo-deny	Install cargo-deny	2025-10-29T01:16:48.6350269Z [1m[32m   Compiling[0m futures-core v0.3.31
cargo-deny	Install cargo-deny	2025-10-29T01:16:48.6922539Z [1m[32m   Compiling[0m writeable v0.6.1
cargo-deny	Install cargo-deny	2025-10-29T01:16:48.7124307Z [1m[32m   Compiling[0m litemap v0.8.0
cargo-deny	Install cargo-deny	2025-10-29T01:16:48.9149878Z [1m[32m   Compiling[0m signal-hook v0.3.18
cargo-deny	Install cargo-deny	2025-10-29T01:16:48.9697545Z [1m[32m   Compiling[0m gix-date v0.10.5
cargo-deny	Install cargo-deny	2025-10-29T01:16:48.9969431Z [1m[32m   Compiling[0m icu_locale_core v2.0.0
cargo-deny	Install cargo-deny	2025-10-29T01:16:50.4657662Z [1m[32m   Compiling[0m gix-actor v0.35.4
cargo-deny	Install cargo-deny	2025-10-29T01:16:50.7112259Z [1m[32m   Compiling[0m gix-object v0.50.2
cargo-deny	Install cargo-deny	2025-10-29T01:16:50.9532134Z [1m[32m   Compiling[0m potential_utf v0.1.3
cargo-deny	Install cargo-deny	2025-10-29T01:16:50.9793713Z [1m[32m   Compiling[0m zerotrie v0.2.2
cargo-deny	Install cargo-deny	2025-10-29T01:16:51.0423631Z [1m[32m   Compiling[0m signal-hook-registry v1.4.6
cargo-deny	Install cargo-deny	2025-10-29T01:16:51.2788010Z [1m[32m   Compiling[0m icu_normalizer_data v2.0.0
cargo-deny	Install cargo-deny	2025-10-29T01:16:51.3606522Z [1m[32m   Compiling[0m icu_properties_data v2.0.1
cargo-deny	Install cargo-deny	2025-10-29T01:16:51.4471390Z [1m[32m   Compiling[0m hashbrown v0.16.0
cargo-deny	Install cargo-deny	2025-10-29T01:16:51.4594160Z [1m[32m   Compiling[0m fnv v1.0.7
cargo-deny	Install cargo-deny	2025-10-29T01:16:52.0626914Z [1m[32m   Compiling[0m indexmap v2.11.4
cargo-deny	Install cargo-deny	2025-10-29T01:16:52.0773172Z [1m[32m   Compiling[0m icu_provider v2.0.0
cargo-deny	Install cargo-deny	2025-10-29T01:16:52.3674738Z [1m[32m   Compiling[0m icu_collections v2.0.0
cargo-deny	Install cargo-deny	2025-10-29T01:16:52.8982068Z [1m[32m   Compiling[0m tempfile v3.22.0
cargo-deny	Install cargo-deny	2025-10-29T01:16:52.8987303Z [1m[32m   Compiling[0m gix-fs v0.16.1
cargo-deny	Install cargo-deny	2025-10-29T01:16:53.4069763Z [1m[32m   Compiling[0m gix-chunk v0.4.11
cargo-deny	Install cargo-deny	2025-10-29T01:16:53.4385549Z [1m[32m   Compiling[0m mio v1.0.4
cargo-deny	Install cargo-deny	2025-10-29T01:16:53.5343150Z [1m[32m   Compiling[0m socket2 v0.6.0
cargo-deny	Install cargo-deny	2025-10-29T01:16:53.5617651Z [1m[32m   Compiling[0m percent-encoding v2.3.2
cargo-deny	Install cargo-deny	2025-10-29T01:16:53.6000467Z [1m[32m   Compiling[0m gix-tempfile v18.0.0
cargo-deny	Install cargo-deny	2025-10-29T01:16:53.8586085Z [1m[32m   Compiling[0m tokio v1.47.1
cargo-deny	Install cargo-deny	2025-10-29T01:16:53.8999362Z [1m[32m   Compiling[0m gix-quote v0.6.0
cargo-deny	Install cargo-deny	2025-10-29T01:16:54.0819486Z [1m[32m   Compiling[0m futures-sink v0.3.31
cargo-deny	Install cargo-deny	2025-10-29T01:16:54.0882938Z [1m[32m   Compiling[0m icu_properties v2.0.1
cargo-deny	Install cargo-deny	2025-10-29T01:16:54.1336081Z [1m[32m   Compiling[0m icu_normalizer v2.0.0
cargo-deny	Install cargo-deny	2025-10-29T01:16:54.3879117Z [1m[32m   Compiling[0m form_urlencoded v1.2.2
cargo-deny	Install cargo-deny	2025-10-29T01:16:54.5297682Z [1m[32m   Compiling[0m gix-commitgraph v0.29.0
cargo-deny	Install cargo-deny	2025-10-29T01:16:55.0581634Z [1m[32m   Compiling[0m http v1.3.1
cargo-deny	Install cargo-deny	2025-10-29T01:16:55.1254193Z [1m[32m   Compiling[0m idna_adapter v1.2.1
cargo-deny	Install cargo-deny	2025-10-29T01:16:55.1857184Z [1m[32m   Compiling[0m ring v0.17.14
cargo-deny	Install cargo-deny	2025-10-29T01:16:55.4028373Z [1m[32m   Compiling[0m utf8_iter v1.0.4
cargo-deny	Install cargo-deny	2025-10-29T01:16:55.4927167Z [1m[32m   Compiling[0m slab v0.4.11
cargo-deny	Install cargo-deny	2025-10-29T01:16:55.6071855Z [1m[32m   Compiling[0m idna v1.1.0
cargo-deny	Install cargo-deny	2025-10-29T01:16:56.4928017Z [1m[32m   Compiling[0m gix-revwalk v0.21.0
cargo-deny	Install cargo-deny	2025-10-29T01:16:56.7047017Z [1m[32m   Compiling[0m gix-lock v18.0.0
cargo-deny	Install cargo-deny	2025-10-29T01:16:56.8706151Z [1m[32m   Compiling[0m pin-utils v0.1.0
cargo-deny	Install cargo-deny	2025-10-29T01:16:56.9028084Z [1m[32m   Compiling[0m crossbeam-utils v0.8.21
cargo-deny	Install cargo-deny	2025-10-29T01:16:57.0475471Z [1m[32m   Compiling[0m zeroize v1.8.1
cargo-deny	Install cargo-deny	2025-10-29T01:16:57.0985729Z [1m[32m   Compiling[0m http-body v1.0.1
cargo-deny	Install cargo-deny	2025-10-29T01:16:57.1484557Z [1m[32m   Compiling[0m rustls-pki-types v1.12.0
cargo-deny	Install cargo-deny	2025-10-29T01:16:57.1694379Z [1m[32m   Compiling[0m url v2.5.7
cargo-deny	Install cargo-deny	2025-10-29T01:16:57.7358217Z [1m[32m   Compiling[0m gix-glob v0.21.0
cargo-deny	Install cargo-deny	2025-10-29T01:16:58.2432541Z [1m[32m   Compiling[0m tracing-core v0.1.34
cargo-deny	Install cargo-deny	2025-10-29T01:16:58.6441540Z [1m[32m   Compiling[0m getrandom v0.2.16
cargo-deny	Install cargo-deny	2025-10-29T01:16:58.7713679Z [1m[32m   Compiling[0m httparse v1.10.1
cargo-deny	Install cargo-deny	2025-10-29T01:16:58.8519268Z [1m[32m   Compiling[0m untrusted v0.9.0
cargo-deny	Install cargo-deny	2025-10-29T01:16:58.9135909Z [1m[32m   Compiling[0m futures-io v0.3.31
cargo-deny	Install cargo-deny	2025-10-29T01:16:58.9482608Z [1m[32m   Compiling[0m futures-task v0.3.31
cargo-deny	Install cargo-deny	2025-10-29T01:16:59.0210581Z [1m[32m   Compiling[0m unicode-bom v2.0.3
cargo-deny	Install cargo-deny	2025-10-29T01:16:59.0468444Z [1m[32m   Compiling[0m futures-util v0.3.31
cargo-deny	Install cargo-deny	2025-10-29T01:16:59.1416607Z [1m[32m   Compiling[0m tracing v0.1.41
cargo-deny	Install cargo-deny	2025-10-29T01:16:59.3753005Z [1m[32m   Compiling[0m tokio-util v0.7.16
cargo-deny	Install cargo-deny	2025-10-29T01:17:00.5981227Z [1m[32m   Compiling[0m gix-config-value v0.15.1
cargo-deny	Install cargo-deny	2025-10-29T01:17:00.9271571Z [1m[32m   Compiling[0m shell-words v1.1.0
cargo-deny	Install cargo-deny	2025-10-29T01:17:01.0513133Z [1m[32m   Compiling[0m static_assertions v1.1.0
cargo-deny	Install cargo-deny	2025-10-29T01:17:01.0841458Z [1m[32m   Compiling[0m log v0.4.28
cargo-deny	Install cargo-deny	2025-10-29T01:17:01.1194314Z [1m[32m   Compiling[0m try-lock v0.2.5
cargo-deny	Install cargo-deny	2025-10-29T01:17:01.1690691Z [1m[32m   Compiling[0m rustls v0.23.32
cargo-deny	Install cargo-deny	2025-10-29T01:17:01.2401132Z [1m[32m   Compiling[0m atomic-waker v1.1.2
cargo-deny	Install cargo-deny	2025-10-29T01:17:01.2460682Z [1m[32m   Compiling[0m tower-service v0.3.3
cargo-deny	Install cargo-deny	2025-10-29T01:17:01.2870719Z [1m[32m   Compiling[0m h2 v0.4.12
cargo-deny	Install cargo-deny	2025-10-29T01:17:01.2909277Z [1m[32m   Compiling[0m want v0.3.1
cargo-deny	Install cargo-deny	2025-10-29T01:17:01.3809740Z [1m[32m   Compiling[0m kstring v2.0.2
cargo-deny	Install cargo-deny	2025-10-29T01:17:01.5482222Z [1m[32m   Compiling[0m gix-command v0.6.2
cargo-deny	Install cargo-deny	2025-10-29T01:17:01.9017844Z [1m[32m   Compiling[0m futures-channel v0.3.31
cargo-deny	Install cargo-deny	2025-10-29T01:17:02.0732386Z [1m[32m   Compiling[0m gix-sec v0.12.0
cargo-deny	Install cargo-deny	2025-10-29T01:17:02.1004034Z [1m[32m   Compiling[0m ryu v1.0.20
cargo-deny	Install cargo-deny	2025-10-29T01:17:02.2594559Z [1m[32m   Compiling[0m subtle v2.6.1
cargo-deny	Install cargo-deny	2025-10-29T01:17:02.3122446Z [1m[32m   Compiling[0m gix-attributes v0.27.0
cargo-deny	Install cargo-deny	2025-10-29T01:17:02.3737590Z [1m[32m   Compiling[0m sync_wrapper v1.0.2
cargo-deny	Install cargo-deny	2025-10-29T01:17:02.4238350Z [1m[32m   Compiling[0m encoding_rs v0.8.35
cargo-deny	Install cargo-deny	2025-10-29T01:17:03.8477843Z [1m[32m   Compiling[0m ipnet v2.11.0
cargo-deny	Install cargo-deny	2025-10-29T01:17:04.5400126Z [1m[32m   Compiling[0m hyper v1.7.0
cargo-deny	Install cargo-deny	2025-10-29T01:17:05.4175852Z [1m[32m   Compiling[0m compression-core v0.4.29
cargo-deny	Install cargo-deny	2025-10-29T01:17:05.4634910Z [1m[32m   Compiling[0m tower-layer v0.3.3
cargo-deny	Install cargo-deny	2025-10-29T01:17:05.6073495Z [1m[32m   Compiling[0m base64 v0.22.1
cargo-deny	Install cargo-deny	2025-10-29T01:17:05.9467697Z [1m[32m   Compiling[0m pkg-config v0.3.32
cargo-deny	Install cargo-deny	2025-10-29T01:17:06.2350822Z [1m[32m   Compiling[0m hyper-util v0.1.17
cargo-deny	Install cargo-deny	2025-10-29T01:17:06.4026862Z [1m[32m   Compiling[0m zstd-sys v2.0.16+zstd.1.5.7
cargo-deny	Install cargo-deny	2025-10-29T01:17:06.6171994Z [1m[32m   Compiling[0m tower v0.5.2
cargo-deny	Install cargo-deny	2025-10-29T01:17:06.8530080Z [1m[32m   Compiling[0m compression-codecs v0.4.30
cargo-deny	Install cargo-deny	2025-10-29T01:17:06.9848113Z [1m[32m   Compiling[0m crossbeam-epoch v0.9.18
cargo-deny	Install cargo-deny	2025-10-29T01:17:07.1224091Z [1m[32m   Compiling[0m gix-url v0.32.0
cargo-deny	Install cargo-deny	2025-10-29T01:17:07.2946612Z [1m[32m   Compiling[0m webpki-roots v1.0.2
cargo-deny	Install cargo-deny	2025-10-29T01:17:07.3653174Z [1m[32m   Compiling[0m gix-ref v0.53.1
cargo-deny	Install cargo-deny	2025-10-29T01:17:07.7870153Z [1m[32m   Compiling[0m iri-string v0.7.8
cargo-deny	Install cargo-deny	2025-10-29T01:17:08.1189985Z [1m[32m   Compiling[0m crossbeam-deque v0.8.6
cargo-deny	Install cargo-deny	2025-10-29T01:17:08.2766100Z [1m[32m   Compiling[0m async-compression v0.4.30
cargo-deny	Install cargo-deny	2025-10-29T01:17:09.7289129Z [1m[32m   Compiling[0m tower-http v0.6.6
cargo-deny	Install cargo-deny	2025-10-29T01:17:10.2051511Z [1m[32m   Compiling[0m serde_urlencoded v0.7.1
cargo-deny	Install cargo-deny	2025-10-29T01:17:10.2479542Z [1m[32m   Compiling[0m gix-prompt v0.11.1
cargo-deny	Install cargo-deny	2025-10-29T01:17:10.3884782Z [1m[32m   Compiling[0m http-body-util v0.1.3
cargo-deny	Install cargo-deny	2025-10-29T01:17:10.4927734Z [1m[32m   Compiling[0m gix-revision v0.35.0
cargo-deny	Install cargo-deny	2025-10-29T01:17:10.6071355Z [1m[32m   Compiling[0m gix-traverse v0.47.0
cargo-deny	Install cargo-deny	2025-10-29T01:17:10.8437088Z [1m[32m   Compiling[0m gix-bitmap v0.2.14
cargo-deny	Install cargo-deny	2025-10-29T01:17:10.9181739Z [1m[32m   Compiling[0m filetime v0.2.26
cargo-deny	Install cargo-deny	2025-10-29T01:17:11.0423605Z [1m[32m   Compiling[0m num-traits v0.2.19
cargo-deny	Install cargo-deny	2025-10-29T01:17:11.0860085Z [1m[32m   Compiling[0m paste v1.0.15
cargo-deny	Install cargo-deny	2025-10-29T01:17:11.1173163Z [1m[32m   Compiling[0m mime v0.3.17
cargo-deny	Install cargo-deny	2025-10-29T01:17:11.1838162Z [1m[32m   Compiling[0m rayon-core v1.13.0
cargo-deny	Install cargo-deny	2025-10-29T01:17:11.3093728Z [1m[32m   Compiling[0m gix-index v0.41.0
cargo-deny	Install cargo-deny	2025-10-29T01:17:11.3491791Z [1m[32m   Compiling[0m gix-refspec v0.31.0
cargo-deny	Install cargo-deny	2025-10-29T01:17:12.3541654Z [1m[32m   Compiling[0m gix-credentials v0.30.0
cargo-deny	Install cargo-deny	2025-10-29T01:17:12.9151554Z [1m[32m   Compiling[0m gix-ignore v0.16.0
cargo-deny	Install cargo-deny	2025-10-29T01:17:13.2226183Z [1m[32m   Compiling[0m serde_spanned v0.6.9
cargo-deny	Install cargo-deny	2025-10-29T01:17:13.2989905Z [1m[32m   Compiling[0m toml_datetime v0.6.11
cargo-deny	Install cargo-deny	2025-10-29T01:17:13.5171756Z [1m[32m   Compiling[0m semver v1.0.27
cargo-deny	Install cargo-deny	2025-10-29T01:17:13.5365933Z [1m[32m   Compiling[0m gix-packetline-blocking v0.19.1
cargo-deny	Install cargo-deny	2025-10-29T01:17:13.7868389Z [1m[32m   Compiling[0m gix-packetline v0.19.1
cargo-deny	Install cargo-deny	2025-10-29T01:17:13.8920005Z [1m[32m   Compiling[0m camino v1.2.0
cargo-deny	Install cargo-deny	2025-10-29T01:17:14.0008544Z [1m[32m   Compiling[0m unicode-width v0.2.1
cargo-deny	Install cargo-deny	2025-10-29T01:17:14.0451820Z [1m[32m   Compiling[0m utf8parse v0.2.2
cargo-deny	Install cargo-deny	2025-10-29T01:17:14.0944326Z [1m[32m   Compiling[0m heck v0.5.0
cargo-deny	Install cargo-deny	2025-10-29T01:17:14.1692047Z [1m[32m   Compiling[0m clru v0.6.2
cargo-deny	Install cargo-deny	2025-10-29T01:17:14.2194145Z [1m[32m   Compiling[0m zstd-safe v7.2.4
cargo-deny	Install cargo-deny	2025-10-29T01:17:14.2795629Z [1m[32m   Compiling[0m toml_write v0.1.2
cargo-deny	Install cargo-deny	2025-10-29T01:17:14.3669393Z [1m[32m   Compiling[0m serde_json v1.0.145
cargo-deny	Install cargo-deny	2025-10-29T01:17:14.4109083Z [1m[32m   Compiling[0m termcolor v1.4.1
cargo-deny	Install cargo-deny	2025-10-29T01:17:14.4524680Z [1m[32m   Compiling[0m target-lexicon v0.13.2
cargo-deny	Install cargo-deny	2025-10-29T01:17:14.7022622Z [1m[32m   Compiling[0m codespan-reporting v0.12.0
cargo-deny	Install cargo-deny	2025-10-29T01:17:14.8119433Z [1m[32m   Compiling[0m toml_edit v0.22.27
cargo-deny	Install cargo-deny	2025-10-29T01:17:15.6188379Z [1m[32m   Compiling[0m gix-pack v0.60.0
cargo-deny	Install cargo-deny	2025-10-29T01:17:18.8959952Z [1m[32m   Compiling[0m anstyle-parse v0.2.7
cargo-deny	Install cargo-deny	2025-10-29T01:17:19.0431458Z [1m[32m   Compiling[0m gix-filter v0.20.0
cargo-deny	Install cargo-deny	2025-10-29T01:17:20.6798514Z [1m[32m   Compiling[0m gix-worktree v0.42.0
cargo-deny	Install cargo-deny	2025-10-29T01:17:22.1631531Z [1m[32m   Compiling[0m rustls-webpki v0.103.6
cargo-deny	Install cargo-deny	2025-10-29T01:17:23.5101510Z [1m[32m   Compiling[0m gix-config v0.46.0
cargo-deny	Install cargo-deny	2025-10-29T01:17:24.2080715Z [1m[32m   Compiling[0m gix-pathspec v0.12.0
cargo-deny	Install cargo-deny	2025-10-29T01:17:25.4446961Z [1m[32m   Compiling[0m gix-shallow v0.5.0
cargo-deny	Install cargo-deny	2025-10-29T01:17:25.8607750Z [1m[32m   Compiling[0m gix-negotiate v0.21.0
cargo-deny	Install cargo-deny	2025-10-29T01:17:26.4987448Z [1m[32m   Compiling[0m maybe-async v0.2.10
cargo-deny	Install cargo-deny	2025-10-29T01:17:27.0330603Z [1m[32m   Compiling[0m tokio-rustls v0.26.3
cargo-deny	Install cargo-deny	2025-10-29T01:17:27.2707575Z [1m[32m   Compiling[0m hyper-rustls v0.27.7
cargo-deny	Install cargo-deny	2025-10-29T01:17:27.5522573Z [1m[32m   Compiling[0m reqwest v0.12.23
cargo-deny	Install cargo-deny	2025-10-29T01:17:27.6492949Z [1m[32m   Compiling[0m io-close v0.3.7
cargo-deny	Install cargo-deny	2025-10-29T01:17:27.7432268Z [1m[32m   Compiling[0m fs-err v3.1.2
cargo-deny	Install cargo-deny	2025-10-29T01:17:27.8286396Z [1m[32m   Compiling[0m anyhow v1.0.100
cargo-deny	Install cargo-deny	2025-10-29T01:17:28.0059618Z [1m[32m   Compiling[0m colorchoice v1.0.4
cargo-deny	Install cargo-deny	2025-10-29T01:17:28.0570990Z [1m[32m   Compiling[0m is_terminal_polyfill v1.70.1
cargo-deny	Install cargo-deny	2025-10-29T01:17:28.0979869Z [1m[32m   Compiling[0m radium v0.7.0
cargo-deny	Install cargo-deny	2025-10-29T01:17:28.2279203Z [1m[32m   Compiling[0m anstyle-query v1.1.4
cargo-deny	Install cargo-deny	2025-10-29T01:17:28.2774102Z [1m[32m   Compiling[0m anstyle v1.0.11
cargo-deny	Install cargo-deny	2025-10-29T01:17:28.4621144Z [1m[32m   Compiling[0m either v1.15.0
cargo-deny	Install cargo-deny	2025-10-29T01:17:28.6143351Z [1m[32m   Compiling[0m arc-swap v1.7.1
cargo-deny	Install cargo-deny	2025-10-29T01:17:28.8537237Z [1m[32m   Compiling[0m gix-odb v0.70.0
cargo-deny	Install cargo-deny	2025-10-29T01:17:32.4840683Z [1m[32m   Compiling[0m gix-transport v0.48.0
cargo-deny	Install cargo-deny	2025-10-29T01:17:34.3866104Z [1m[32m   Compiling[0m gix-protocol v0.51.0
cargo-deny	Install cargo-deny	2025-10-29T01:17:35.7641650Z [1m[32m   Compiling[0m rayon v1.11.0
cargo-deny	Install cargo-deny	2025-10-29T01:17:36.2504566Z [1m[32m   Compiling[0m anstream v0.6.20
cargo-deny	Install cargo-deny	2025-10-29T01:17:36.5416639Z [1m[32m   Compiling[0m gix-worktree-state v0.20.0
cargo-deny	Install cargo-deny	2025-10-29T01:17:36.8786065Z [1m[32m   Compiling[0m gix-submodule v0.20.0
cargo-deny	Install cargo-deny	2025-10-29T01:17:38.1756502Z [1m[32m   Compiling[0m rmp v0.8.14
cargo-deny	Install cargo-deny	2025-10-29T01:17:38.4621321Z [1m[32m   Compiling[0m toml v0.8.23
cargo-deny	Install cargo-deny	2025-10-29T01:17:40.1516000Z [1m[32m   Compiling[0m gix-discover v0.41.0
cargo-deny	Install cargo-deny	2025-10-29T01:17:40.3455628Z [1m[32m   Compiling[0m crossbeam-channel v0.5.15
cargo-deny	Install cargo-deny	2025-10-29T01:17:40.5165078Z [1m[32m   Compiling[0m gix-diff v0.53.0
cargo-deny	Install cargo-deny	2025-10-29T01:17:40.6802275Z [1m[32m   Compiling[0m scroll_derive v0.13.1
cargo-deny	Install cargo-deny	2025-10-29T01:17:40.7387135Z [1m[32m   Compiling[0m time-core v0.1.6
cargo-deny	Install cargo-deny	2025-10-29T01:17:40.8198444Z [1m[32m   Compiling[0m tap v1.0.1
cargo-deny	Install cargo-deny	2025-10-29T01:17:40.8479206Z [1m[32m   Compiling[0m num-conv v0.1.0
cargo-deny	Install cargo-deny	2025-10-29T01:17:40.8752472Z [1m[32m   Compiling[0m fixedbitset v0.5.7
cargo-deny	Install cargo-deny	2025-10-29T01:17:40.9481346Z [1m[32m   Compiling[0m powerfmt v0.2.0
cargo-deny	Install cargo-deny	2025-10-29T01:17:41.1048635Z [1m[32m   Compiling[0m strsim v0.11.1
cargo-deny	Install cargo-deny	2025-10-29T01:17:41.1828731Z [1m[32m   Compiling[0m clap_lex v0.7.5
cargo-deny	Install cargo-deny	2025-10-29T01:17:41.3557677Z [1m[32m   Compiling[0m scroll v0.13.0
cargo-deny	Install cargo-deny	2025-10-29T01:17:41.3704263Z [1m[32m   Compiling[0m clap_builder v4.5.48
cargo-deny	Install cargo-deny	2025-10-29T01:17:41.5601760Z [1m[32m   Compiling[0m deranged v0.5.3
cargo-deny	Install cargo-deny	2025-10-29T01:17:41.6333253Z [1m[32m   Compiling[0m petgraph v0.8.2
cargo-deny	Install cargo-deny	2025-10-29T01:17:43.0519898Z [1m[32m   Compiling[0m time-macros v0.2.24
cargo-deny	Install cargo-deny	2025-10-29T01:17:43.6223331Z [1m[32m   Compiling[0m wyz v0.5.1
cargo-deny	Install cargo-deny	2025-10-29T01:17:43.8065545Z [1m[32m   Compiling[0m gix v0.73.0
cargo-deny	Install cargo-deny	2025-10-29T01:17:44.1022395Z [1m[32m   Compiling[0m cfg-expr v0.20.3
cargo-deny	Install cargo-deny	2025-10-29T01:17:44.8279129Z [1m[32m   Compiling[0m cargo-lock v10.1.0
cargo-deny	Install cargo-deny	2025-10-29T01:17:49.2535504Z [1m[32m   Compiling[0m rmp-serde v1.3.0
cargo-deny	Install cargo-deny	2025-10-29T01:17:49.8306176Z [1m[32m   Compiling[0m toml-span v0.5.2
cargo-deny	Install cargo-deny	2025-10-29T01:17:49.9063447Z [1m[32m   Compiling[0m clap_derive v4.5.47
cargo-deny	Install cargo-deny	2025-10-29T01:17:51.7249279Z [1m[32m   Compiling[0m strum_macros v0.27.2
cargo-deny	Install cargo-deny	2025-10-29T01:17:51.8816633Z [1m[32m   Compiling[0m crossbeam-queue v0.3.12
cargo-deny	Install cargo-deny	2025-10-29T01:17:52.0010257Z [1m[32m   Compiling[0m smol_str v0.3.2
cargo-deny	Install cargo-deny	2025-10-29T01:17:52.2206917Z [1m[32m   Compiling[0m platforms v3.6.0
cargo-deny	Install cargo-deny	2025-10-29T01:17:52.5730756Z [1m[32m   Compiling[0m cvss v2.1.1
cargo-deny	Install cargo-deny	2025-10-29T01:17:53.6935865Z [1m[32m   Compiling[0m sha2 v0.10.9
cargo-deny	Install cargo-deny	2025-10-29T01:17:54.0228703Z [1m[32m   Compiling[0m regex v1.11.2
cargo-deny	Install cargo-deny	2025-10-29T01:17:54.5384148Z [1m[32m   Compiling[0m rustc-stable-hash v0.1.2
cargo-deny	Install cargo-deny	2025-10-29T01:17:54.6586201Z [1m[32m   Compiling[0m funty v2.0.0
cargo-deny	Install cargo-deny	2025-10-29T01:17:54.8299010Z [1m[32m   Compiling[0m twox-hash v2.1.2
cargo-deny	Install cargo-deny	2025-10-29T01:17:54.9436346Z [1m[32m   Compiling[0m lazy_static v1.5.0
cargo-deny	Install cargo-deny	2025-10-29T01:17:54.9885325Z [1m[32m   Compiling[0m plain v0.2.3
cargo-deny	Install cargo-deny	2025-10-29T01:17:55.1624149Z [1m[32m   Compiling[0m time v0.3.44
cargo-deny	Install cargo-deny	2025-10-29T01:17:55.3737751Z [1m[32m   Compiling[0m bitvec v1.0.1
cargo-deny	Install cargo-deny	2025-10-29T01:17:56.7851833Z [1m[32m   Compiling[0m goblin v0.10.1
cargo-deny	Install cargo-deny	2025-10-29T01:17:58.1787159Z [1m[32m   Compiling[0m tame-index v0.23.0
cargo-deny	Install cargo-deny	2025-10-29T01:18:03.0169700Z [1m[32m   Compiling[0m strum v0.27.2
cargo-deny	Install cargo-deny	2025-10-29T01:18:03.0751967Z [1m[32m   Compiling[0m rustsec v0.30.4
cargo-deny	Install cargo-deny	2025-10-29T01:18:05.0451262Z [1m[32m   Compiling[0m crossbeam v0.8.4
cargo-deny	Install cargo-deny	2025-10-29T01:18:05.0808682Z [1m[32m   Compiling[0m clap v4.5.48
cargo-deny	Install cargo-deny	2025-10-29T01:18:05.1248377Z [1m[32m   Compiling[0m krates v0.20.0
cargo-deny	Install cargo-deny	2025-10-29T01:18:05.3348893Z [1m[32m   Compiling[0m codespan v0.12.0
cargo-deny	Install cargo-deny	2025-10-29T01:18:05.6567937Z [1m[32m   Compiling[0m globset v0.4.16
cargo-deny	Install cargo-deny	2025-10-29T01:18:07.2327630Z [1m[32m   Compiling[0m fern v0.7.1
cargo-deny	Install cargo-deny	2025-10-29T01:18:07.9003373Z [1m[32m   Compiling[0m spdx v0.12.0
cargo-deny	Install cargo-deny	2025-10-29T01:18:08.0484396Z [1m[32m   Compiling[0m zstd v0.13.3
cargo-deny	Install cargo-deny	2025-10-29T01:18:08.3385534Z [1m[32m   Compiling[0m askalono v0.5.0
cargo-deny	Install cargo-deny	2025-10-29T01:18:08.5463523Z [1m[32m   Compiling[0m nu-ansi-term v0.50.1
cargo-deny	Install cargo-deny	2025-10-29T01:18:08.8034821Z [1m[32m   Compiling[0m cargo-deny v0.18.5
cargo-deny	Install cargo-deny	2025-10-29T01:20:14.6741844Z [1m[32m    Finished[0m `release` profile [optimized] target(s) in 3m 53s
cargo-deny	Install cargo-deny	2025-10-29T01:20:14.7020329Z [1m[32m  Installing[0m /home/runner/.cargo/bin/cargo-deny
cargo-deny	Install cargo-deny	2025-10-29T01:20:14.7031874Z [1m[32m   Installed[0m package `cargo-deny v0.18.5` (executable `cargo-deny`)
cargo-deny	Run cargo-deny (all checks)	ï»¿2025-10-29T01:20:14.8904829Z ##[group]Run cargo +stable deny check advisories
cargo-deny	Run cargo-deny (all checks)	2025-10-29T01:20:14.8905190Z [36;1mcargo +stable deny check advisories[0m
cargo-deny	Run cargo-deny (all checks)	2025-10-29T01:20:14.8905447Z [36;1mcargo +stable deny check bans[0m
cargo-deny	Run cargo-deny (all checks)	2025-10-29T01:20:14.8905686Z [36;1mcargo +stable deny check sources[0m
cargo-deny	Run cargo-deny (all checks)	2025-10-29T01:20:14.8905936Z [36;1mcargo +stable deny check licenses[0m
cargo-deny	Run cargo-deny (all checks)	2025-10-29T01:20:14.8937871Z shell: /usr/bin/bash -e {0}
cargo-deny	Run cargo-deny (all checks)	2025-10-29T01:20:14.8938093Z env:
cargo-deny	Run cargo-deny (all checks)	2025-10-29T01:20:14.8938267Z   CARGO_HOME: /home/runner/.cargo
cargo-deny	Run cargo-deny (all checks)	2025-10-29T01:20:14.8938492Z   CARGO_INCREMENTAL: 0
cargo-deny	Run cargo-deny (all checks)	2025-10-29T01:20:14.8938690Z   CARGO_TERM_COLOR: always
cargo-deny	Run cargo-deny (all checks)	2025-10-29T01:20:14.8938881Z ##[endgroup]
cargo-deny	Run cargo-deny (all checks)	2025-10-29T01:20:14.9191552Z [0m[1m[38;5;9merror[unexpected-value][0m[1m: expected '["all", "workspace", "transitive", "none"]'[0m
cargo-deny	Run cargo-deny (all checks)	2025-10-29T01:20:14.9193448Z   [0m[34mââ[0m /home/runner/work/Zaevrynth/Zaevrynth/deny.toml:3:17
cargo-deny	Run cargo-deny (all checks)	2025-10-29T01:20:14.9194751Z   [0m[34mâ[0m
cargo-deny	Run cargo-deny (all checks)	2025-10-29T01:20:14.9195128Z [0m[34m3[0m [0m[34mâ[0m unmaintained = "[0m[31mwarn[0m"
cargo-deny	Run cargo-deny (all checks)	2025-10-29T01:20:14.9195702Z   [0m[34mâ[0m                 [0m[31mââââ[0m [0m[31munexpected value[0m
cargo-deny	Run cargo-deny (all checks)	2025-10-29T01:20:14.9195969Z 
cargo-deny	Run cargo-deny (all checks)	2025-10-29T01:20:14.9196522Z 2025-10-29 01:20:14 [[31mERROR[0m] failed to deserialize config from '/home/runner/work/Zaevrynth/Zaevrynth/deny.toml'[0m
cargo-deny	Run cargo-deny (all checks)	2025-10-29T01:20:14.9209598Z ##[error]Process completed with exit code 1.
cargo-deny	Post Run actions/checkout@v4	ï»¿2025-10-29T01:20:14.9299589Z Post job cleanup.
cargo-deny	Post Run actions/checkout@v4	2025-10-29T01:20:15.0249330Z [command]/usr/bin/git version
cargo-deny	Post Run actions/checkout@v4	2025-10-29T01:20:15.0285412Z git version 2.51.0
cargo-deny	Post Run actions/checkout@v4	2025-10-29T01:20:15.0335467Z Temporarily overriding HOME='/home/runner/work/_temp/e72d92b0-cf7d-433e-9a3e-aa57273e2bf8' before making global git config changes
cargo-deny	Post Run actions/checkout@v4	2025-10-29T01:20:15.0336980Z Adding repository directory to the temporary git global config as a safe directory
cargo-deny	Post Run actions/checkout@v4	2025-10-29T01:20:15.0341765Z [command]/usr/bin/git config --global --add safe.directory /home/runner/work/Zaevrynth/Zaevrynth
cargo-deny	Post Run actions/checkout@v4	2025-10-29T01:20:15.0374924Z [command]/usr/bin/git config --local --name-only --get-regexp core\.sshCommand
cargo-deny	Post Run actions/checkout@v4	2025-10-29T01:20:15.0407871Z [command]/usr/bin/git submodule foreach --recursive sh -c "git config --local --name-only --get-regexp 'core\.sshCommand' && git config --local --unset-all 'core.sshCommand' || :"
cargo-deny	Post Run actions/checkout@v4	2025-10-29T01:20:15.0636973Z [command]/usr/bin/git config --local --name-only --get-regexp http\.https\:\/\/github\.com\/\.extraheader
cargo-deny	Post Run actions/checkout@v4	2025-10-29T01:20:15.0658081Z http.https://github.com/.extraheader
cargo-deny	Post Run actions/checkout@v4	2025-10-29T01:20:15.0671108Z [command]/usr/bin/git config --local --unset-all http.https://github.com/.extraheader
cargo-deny	Post Run actions/checkout@v4	2025-10-29T01:20:15.0701907Z [command]/usr/bin/git submodule foreach --recursive sh -c "git config --local --name-only --get-regexp 'http\.https\:\/\/github\.com\/\.extraheader' && git config --local --unset-all 'http.https://github.com/.extraheader' || :"
cargo-deny	Complete job	ï»¿2025-10-29T01:20:15.1048113Z Cleaning up orphan processes
